<?xml version="1.0"?>
<link_info>
   <banner>MSP430 Linker PC v4.3.3</banner>
   <copyright>Copyright (c) 2003-2014 Texas Instruments Incorporated</copyright>
   <link_time>0x54900dd3</link_time>
   <link_errors>0x0</link_errors>
   <output_file>request_response_requester.out</output_file>
   <entry_point>
      <name>_c_int00</name>
      <address>0xc500</address>
   </entry_point>
   <input_file_list>
      <input_file id="fl-2">
         <path>.\</path>
         <kind>object</kind>
         <file>filesystem.obj</file>
         <name>filesystem.obj</name>
      </input_file>
      <input_file id="fl-3">
         <path>.\</path>
         <kind>object</kind>
         <file>main.obj</file>
         <name>main.obj</name>
      </input_file>
      <input_file id="fl-a">
         <path>C:\Users\Stijn\Desktop\DASH7\d7aoss\Debug\</path>
         <kind>archive</kind>
         <file>d7aoss.lib</file>
         <name>d7aoss.obj</name>
      </input_file>
      <input_file id="fl-b">
         <path>C:\Users\Stijn\Desktop\DASH7\d7aoss\Debug\</path>
         <kind>archive</kind>
         <file>d7aoss.lib</file>
         <name>trans.obj</name>
      </input_file>
      <input_file id="fl-c">
         <path>C:\Users\Stijn\Desktop\DASH7\d7aoss\Debug\</path>
         <kind>archive</kind>
         <file>d7aoss.lib</file>
         <name>cc430_phy.obj</name>
      </input_file>
      <input_file id="fl-d">
         <path>C:\Users\Stijn\Desktop\DASH7\d7aoss\Debug\</path>
         <kind>archive</kind>
         <file>d7aoss.lib</file>
         <name>cc430_settings.obj</name>
      </input_file>
      <input_file id="fl-e">
         <path>C:\Users\Stijn\Desktop\DASH7\d7aoss\Debug\</path>
         <kind>archive</kind>
         <file>d7aoss.lib</file>
         <name>rf1a.obj</name>
      </input_file>
      <input_file id="fl-f">
         <path>C:\Users\Stijn\Desktop\DASH7\d7aoss\Debug\</path>
         <kind>archive</kind>
         <file>d7aoss.lib</file>
         <name>nwl.obj</name>
      </input_file>
      <input_file id="fl-10">
         <path>C:\Users\Stijn\Desktop\DASH7\d7aoss\Debug\</path>
         <kind>archive</kind>
         <file>d7aoss.lib</file>
         <name>cc430_leds.obj</name>
      </input_file>
      <input_file id="fl-11">
         <path>C:\Users\Stijn\Desktop\DASH7\d7aoss\Debug\</path>
         <kind>archive</kind>
         <file>d7aoss.lib</file>
         <name>cc430_system.obj</name>
      </input_file>
      <input_file id="fl-12">
         <path>C:\Users\Stijn\Desktop\DASH7\d7aoss\Debug\</path>
         <kind>archive</kind>
         <file>d7aoss.lib</file>
         <name>cc430_timer.obj</name>
      </input_file>
      <input_file id="fl-13">
         <path>C:\Users\Stijn\Desktop\DASH7\d7aoss\Debug\</path>
         <kind>archive</kind>
         <file>d7aoss.lib</file>
         <name>cc430_uart.obj</name>
      </input_file>
      <input_file id="fl-14">
         <path>C:\Users\Stijn\Desktop\DASH7\d7aoss\Debug\</path>
         <kind>archive</kind>
         <file>d7aoss.lib</file>
         <name>log.obj</name>
      </input_file>
      <input_file id="fl-15">
         <path>C:\Users\Stijn\Desktop\DASH7\d7aoss\Debug\</path>
         <kind>archive</kind>
         <file>d7aoss.lib</file>
         <name>queue.obj</name>
      </input_file>
      <input_file id="fl-16">
         <path>C:\Users\Stijn\Desktop\DASH7\d7aoss\Debug\</path>
         <kind>archive</kind>
         <file>d7aoss.lib</file>
         <name>timer.obj</name>
      </input_file>
      <input_file id="fl-17">
         <path>C:\Users\Stijn\Desktop\DASH7\d7aoss\Debug\</path>
         <kind>archive</kind>
         <file>d7aoss.lib</file>
         <name>dll.obj</name>
      </input_file>
      <input_file id="fl-18">
         <path>C:\Users\Stijn\Desktop\DASH7\d7aoss\Debug\</path>
         <kind>archive</kind>
         <file>d7aoss.lib</file>
         <name>fs.obj</name>
      </input_file>
      <input_file id="fl-19">
         <path>C:\Users\Stijn\Desktop\DASH7\d7aoss\Debug\</path>
         <kind>archive</kind>
         <file>d7aoss.lib</file>
         <name>alp.obj</name>
      </input_file>
      <input_file id="fl-1a">
         <path>C:\Users\Stijn\Desktop\DASH7\d7aoss\Debug\</path>
         <kind>archive</kind>
         <file>d7aoss.lib</file>
         <name>phy.obj</name>
      </input_file>
      <input_file id="fl-1b">
         <path>C:\Users\Stijn\Desktop\DASH7\d7aoss\Debug\</path>
         <kind>archive</kind>
         <file>d7aoss.lib</file>
         <name>cc430_interrupts.obj</name>
      </input_file>
      <input_file id="fl-1c">
         <path>C:\Users\Stijn\Desktop\DASH7\d7aoss\Debug\</path>
         <kind>archive</kind>
         <file>d7aoss.lib</file>
         <name>crc_software.obj</name>
      </input_file>
      <input_file id="fl-1d">
         <path>C:\Users\Stijn\Desktop\DASH7\d7aoss\Debug\</path>
         <kind>archive</kind>
         <file>d7aoss.lib</file>
         <name>gpio.obj</name>
      </input_file>
      <input_file id="fl-1e">
         <path>C:\Users\Stijn\Desktop\DASH7\d7aoss\Debug\</path>
         <kind>archive</kind>
         <file>d7aoss.lib</file>
         <name>tlv.obj</name>
      </input_file>
      <input_file id="fl-1f">
         <path>C:\Users\Stijn\Desktop\DASH7\d7aoss\Debug\</path>
         <kind>archive</kind>
         <file>d7aoss.lib</file>
         <name>ucs.obj</name>
      </input_file>
      <input_file id="fl-20">
         <path>C:\Users\Stijn\Desktop\DASH7\d7aoss\Debug\</path>
         <kind>archive</kind>
         <file>d7aoss.lib</file>
         <name>cc430_flash.obj</name>
      </input_file>
      <input_file id="fl-4a">
         <path>c:\ti\ccsv6\tools\compiler\msp430_4.3.3\lib\</path>
         <kind>archive</kind>
         <file>rts430x_lc_sd_eabi.lib</file>
         <name>addd.obj</name>
      </input_file>
      <input_file id="fl-4b">
         <path>c:\ti\ccsv6\tools\compiler\msp430_4.3.3\lib\</path>
         <kind>archive</kind>
         <file>rts430x_lc_sd_eabi.lib</file>
         <name>boot.obj</name>
      </input_file>
      <input_file id="fl-4c">
         <path>c:\ti\ccsv6\tools\compiler\msp430_4.3.3\lib\</path>
         <kind>archive</kind>
         <file>rts430x_lc_sd_eabi.lib</file>
         <name>copy_decompress_none.obj</name>
      </input_file>
      <input_file id="fl-4d">
         <path>c:\ti\ccsv6\tools\compiler\msp430_4.3.3\lib\</path>
         <kind>archive</kind>
         <file>rts430x_lc_sd_eabi.lib</file>
         <name>copy_decompress_rle.obj</name>
      </input_file>
      <input_file id="fl-4e">
         <path>c:\ti\ccsv6\tools\compiler\msp430_4.3.3\lib\</path>
         <kind>archive</kind>
         <file>rts430x_lc_sd_eabi.lib</file>
         <name>copy_zero_init.obj</name>
      </input_file>
      <input_file id="fl-4f">
         <path>c:\ti\ccsv6\tools\compiler\msp430_4.3.3\lib\</path>
         <kind>archive</kind>
         <file>rts430x_lc_sd_eabi.lib</file>
         <name>cpy_util.obj</name>
      </input_file>
      <input_file id="fl-50">
         <path>c:\ti\ccsv6\tools\compiler\msp430_4.3.3\lib\</path>
         <kind>archive</kind>
         <file>rts430x_lc_sd_eabi.lib</file>
         <name>div16s.obj</name>
      </input_file>
      <input_file id="fl-51">
         <path>c:\ti\ccsv6\tools\compiler\msp430_4.3.3\lib\</path>
         <kind>archive</kind>
         <file>rts430x_lc_sd_eabi.lib</file>
         <name>div16u.obj</name>
      </input_file>
      <input_file id="fl-52">
         <path>c:\ti\ccsv6\tools\compiler\msp430_4.3.3\lib\</path>
         <kind>archive</kind>
         <file>rts430x_lc_sd_eabi.lib</file>
         <name>div32s.obj</name>
      </input_file>
      <input_file id="fl-53">
         <path>c:\ti\ccsv6\tools\compiler\msp430_4.3.3\lib\</path>
         <kind>archive</kind>
         <file>rts430x_lc_sd_eabi.lib</file>
         <name>div32u.obj</name>
      </input_file>
      <input_file id="fl-54">
         <path>c:\ti\ccsv6\tools\compiler\msp430_4.3.3\lib\</path>
         <kind>archive</kind>
         <file>rts430x_lc_sd_eabi.lib</file>
         <name>divd.obj</name>
      </input_file>
      <input_file id="fl-55">
         <path>c:\ti\ccsv6\tools\compiler\msp430_4.3.3\lib\</path>
         <kind>archive</kind>
         <file>rts430x_lc_sd_eabi.lib</file>
         <name>exit.obj</name>
      </input_file>
      <input_file id="fl-56">
         <path>c:\ti\ccsv6\tools\compiler\msp430_4.3.3\lib\</path>
         <kind>archive</kind>
         <file>rts430x_lc_sd_eabi.lib</file>
         <name>fixdu.obj</name>
      </input_file>
      <input_file id="fl-57">
         <path>c:\ti\ccsv6\tools\compiler\msp430_4.3.3\lib\</path>
         <kind>archive</kind>
         <file>rts430x_lc_sd_eabi.lib</file>
         <name>fixdul.obj</name>
      </input_file>
      <input_file id="fl-58">
         <path>c:\ti\ccsv6\tools\compiler\msp430_4.3.3\lib\</path>
         <kind>archive</kind>
         <file>rts430x_lc_sd_eabi.lib</file>
         <name>fltud.obj</name>
      </input_file>
      <input_file id="fl-59">
         <path>c:\ti\ccsv6\tools\compiler\msp430_4.3.3\lib\</path>
         <kind>archive</kind>
         <file>rts430x_lc_sd_eabi.lib</file>
         <name>fltuld.obj</name>
      </input_file>
      <input_file id="fl-5a">
         <path>c:\ti\ccsv6\tools\compiler\msp430_4.3.3\lib\</path>
         <kind>archive</kind>
         <file>rts430x_lc_sd_eabi.lib</file>
         <name>frcaddd.obj</name>
      </input_file>
      <input_file id="fl-5b">
         <path>c:\ti\ccsv6\tools\compiler\msp430_4.3.3\lib\</path>
         <kind>archive</kind>
         <file>rts430x_lc_sd_eabi.lib</file>
         <name>frcdivd.obj</name>
      </input_file>
      <input_file id="fl-5c">
         <path>c:\ti\ccsv6\tools\compiler\msp430_4.3.3\lib\</path>
         <kind>archive</kind>
         <file>rts430x_lc_sd_eabi.lib</file>
         <name>int45.obj</name>
      </input_file>
      <input_file id="fl-5d">
         <path>c:\ti\ccsv6\tools\compiler\msp430_4.3.3\lib\</path>
         <kind>archive</kind>
         <file>rts430x_lc_sd_eabi.lib</file>
         <name>int46.obj</name>
      </input_file>
      <input_file id="fl-5e">
         <path>c:\ti\ccsv6\tools\compiler\msp430_4.3.3\lib\</path>
         <kind>archive</kind>
         <file>rts430x_lc_sd_eabi.lib</file>
         <name>int48.obj</name>
      </input_file>
      <input_file id="fl-5f">
         <path>c:\ti\ccsv6\tools\compiler\msp430_4.3.3\lib\</path>
         <kind>archive</kind>
         <file>rts430x_lc_sd_eabi.lib</file>
         <name>int49.obj</name>
      </input_file>
      <input_file id="fl-60">
         <path>c:\ti\ccsv6\tools\compiler\msp430_4.3.3\lib\</path>
         <kind>archive</kind>
         <file>rts430x_lc_sd_eabi.lib</file>
         <name>int50.obj</name>
      </input_file>
      <input_file id="fl-61">
         <path>c:\ti\ccsv6\tools\compiler\msp430_4.3.3\lib\</path>
         <kind>archive</kind>
         <file>rts430x_lc_sd_eabi.lib</file>
         <name>int52.obj</name>
      </input_file>
      <input_file id="fl-62">
         <path>c:\ti\ccsv6\tools\compiler\msp430_4.3.3\lib\</path>
         <kind>archive</kind>
         <file>rts430x_lc_sd_eabi.lib</file>
         <name>int54.obj</name>
      </input_file>
      <input_file id="fl-63">
         <path>c:\ti\ccsv6\tools\compiler\msp430_4.3.3\lib\</path>
         <kind>archive</kind>
         <file>rts430x_lc_sd_eabi.lib</file>
         <name>int55.obj</name>
      </input_file>
      <input_file id="fl-64">
         <path>c:\ti\ccsv6\tools\compiler\msp430_4.3.3\lib\</path>
         <kind>archive</kind>
         <file>rts430x_lc_sd_eabi.lib</file>
         <name>int56.obj</name>
      </input_file>
      <input_file id="fl-65">
         <path>c:\ti\ccsv6\tools\compiler\msp430_4.3.3\lib\</path>
         <kind>archive</kind>
         <file>rts430x_lc_sd_eabi.lib</file>
         <name>int57.obj</name>
      </input_file>
      <input_file id="fl-66">
         <path>c:\ti\ccsv6\tools\compiler\msp430_4.3.3\lib\</path>
         <kind>archive</kind>
         <file>rts430x_lc_sd_eabi.lib</file>
         <name>int59.obj</name>
      </input_file>
      <input_file id="fl-67">
         <path>c:\ti\ccsv6\tools\compiler\msp430_4.3.3\lib\</path>
         <kind>archive</kind>
         <file>rts430x_lc_sd_eabi.lib</file>
         <name>int60.obj</name>
      </input_file>
      <input_file id="fl-68">
         <path>c:\ti\ccsv6\tools\compiler\msp430_4.3.3\lib\</path>
         <kind>archive</kind>
         <file>rts430x_lc_sd_eabi.lib</file>
         <name>int61.obj</name>
      </input_file>
      <input_file id="fl-69">
         <path>c:\ti\ccsv6\tools\compiler\msp430_4.3.3\lib\</path>
         <kind>archive</kind>
         <file>rts430x_lc_sd_eabi.lib</file>
         <name>int62.obj</name>
      </input_file>
      <input_file id="fl-6a">
         <path>c:\ti\ccsv6\tools\compiler\msp430_4.3.3\lib\</path>
         <kind>archive</kind>
         <file>rts430x_lc_sd_eabi.lib</file>
         <name>isr_trap.obj</name>
      </input_file>
      <input_file id="fl-6b">
         <path>c:\ti\ccsv6\tools\compiler\msp430_4.3.3\lib\</path>
         <kind>archive</kind>
         <file>rts430x_lc_sd_eabi.lib</file>
         <name>lsl16.obj</name>
      </input_file>
      <input_file id="fl-6c">
         <path>c:\ti\ccsv6\tools\compiler\msp430_4.3.3\lib\</path>
         <kind>archive</kind>
         <file>rts430x_lc_sd_eabi.lib</file>
         <name>lsl32.obj</name>
      </input_file>
      <input_file id="fl-6d">
         <path>c:\ti\ccsv6\tools\compiler\msp430_4.3.3\lib\</path>
         <kind>archive</kind>
         <file>rts430x_lc_sd_eabi.lib</file>
         <name>lsr32.obj</name>
      </input_file>
      <input_file id="fl-6e">
         <path>c:\ti\ccsv6\tools\compiler\msp430_4.3.3\lib\</path>
         <kind>archive</kind>
         <file>rts430x_lc_sd_eabi.lib</file>
         <name>memcmp.obj</name>
      </input_file>
      <input_file id="fl-6f">
         <path>c:\ti\ccsv6\tools\compiler\msp430_4.3.3\lib\</path>
         <kind>archive</kind>
         <file>rts430x_lc_sd_eabi.lib</file>
         <name>memcpy.obj</name>
      </input_file>
      <input_file id="fl-70">
         <path>c:\ti\ccsv6\tools\compiler\msp430_4.3.3\lib\</path>
         <kind>archive</kind>
         <file>rts430x_lc_sd_eabi.lib</file>
         <name>mpu_init.obj</name>
      </input_file>
      <input_file id="fl-71">
         <path>c:\ti\ccsv6\tools\compiler\msp430_4.3.3\lib\</path>
         <kind>archive</kind>
         <file>rts430x_lc_sd_eabi.lib</file>
         <name>mpyd.obj</name>
      </input_file>
      <input_file id="fl-72">
         <path>c:\ti\ccsv6\tools\compiler\msp430_4.3.3\lib\</path>
         <kind>archive</kind>
         <file>rts430x_lc_sd_eabi.lib</file>
         <name>mult16_f5hw.obj</name>
      </input_file>
      <input_file id="fl-73">
         <path>c:\ti\ccsv6\tools\compiler\msp430_4.3.3\lib\</path>
         <kind>archive</kind>
         <file>rts430x_lc_sd_eabi.lib</file>
         <name>mult32_f5hw.obj</name>
      </input_file>
      <input_file id="fl-74">
         <path>c:\ti\ccsv6\tools\compiler\msp430_4.3.3\lib\</path>
         <kind>archive</kind>
         <file>rts430x_lc_sd_eabi.lib</file>
         <name>rand.obj</name>
      </input_file>
      <input_file id="fl-75">
         <path>c:\ti\ccsv6\tools\compiler\msp430_4.3.3\lib\</path>
         <kind>archive</kind>
         <file>rts430x_lc_sd_eabi.lib</file>
         <name>renormd.obj</name>
      </input_file>
      <input_file id="fl-76">
         <path>c:\ti\ccsv6\tools\compiler\msp430_4.3.3\lib\</path>
         <kind>archive</kind>
         <file>rts430x_lc_sd_eabi.lib</file>
         <name>subd.obj</name>
      </input_file>
      <input_file id="fl-77">
         <path>c:\ti\ccsv6\tools\compiler\msp430_4.3.3\lib\</path>
         <kind>archive</kind>
         <file>rts430x_lc_sd_eabi.lib</file>
         <name>vsnprintf.obj</name>
      </input_file>
      <input_file id="fl-78">
         <path>c:\ti\ccsv6\tools\compiler\msp430_4.3.3\lib\</path>
         <kind>archive</kind>
         <file>rts430x_lc_sd_eabi.lib</file>
         <name>_lock.obj</name>
      </input_file>
      <input_file id="fl-79">
         <path>c:\ti\ccsv6\tools\compiler\msp430_4.3.3\lib\</path>
         <kind>archive</kind>
         <file>rts430x_lc_sd_eabi.lib</file>
         <name>_printfi_min.obj</name>
      </input_file>
      <input_file id="fl-7a">
         <path>c:\ti\ccsv6\tools\compiler\msp430_4.3.3\lib\</path>
         <kind>archive</kind>
         <file>rts430x_lc_sd_eabi.lib</file>
         <name>args_main.obj</name>
      </input_file>
      <input_file id="fl-7b">
         <path>c:\ti\ccsv6\tools\compiler\msp430_4.3.3\lib\</path>
         <kind>archive</kind>
         <file>rts430x_lc_sd_eabi.lib</file>
         <name>asr32.obj</name>
      </input_file>
      <input_file id="fl-7c">
         <path>c:\ti\ccsv6\tools\compiler\msp430_4.3.3\lib\</path>
         <kind>archive</kind>
         <file>rts430x_lc_sd_eabi.lib</file>
         <name>autoinit.obj</name>
      </input_file>
      <input_file id="fl-7d">
         <path>c:\ti\ccsv6\tools\compiler\msp430_4.3.3\lib\</path>
         <kind>archive</kind>
         <file>rts430x_lc_sd_eabi.lib</file>
         <name>frcmpyd.obj</name>
      </input_file>
      <input_file id="fl-7e">
         <path>c:\ti\ccsv6\tools\compiler\msp430_4.3.3\lib\</path>
         <kind>archive</kind>
         <file>rts430x_lc_sd_eabi.lib</file>
         <name>memccpy.obj</name>
      </input_file>
      <input_file id="fl-7f">
         <path>c:\ti\ccsv6\tools\compiler\msp430_4.3.3\lib\</path>
         <kind>archive</kind>
         <file>rts430x_lc_sd_eabi.lib</file>
         <name>memset.obj</name>
      </input_file>
      <input_file id="fl-80">
         <path>c:\ti\ccsv6\tools\compiler\msp430_4.3.3\lib\</path>
         <kind>archive</kind>
         <file>rts430x_lc_sd_eabi.lib</file>
         <name>strlen.obj</name>
      </input_file>
   </input_file_list>
   <object_component_list>
      <object_component id="oc-76a">
         <name>.common:device_id</name>
         <uninitialized>true</uninitialized>
         <run_address>0x1dc2</run_address>
         <size>0x2</size>
      </object_component>
      <object_component id="oc-774">
         <name>.common:virtual_id</name>
         <uninitialized>true</uninitialized>
         <run_address>0x1dce</run_address>
         <size>0x2</size>
      </object_component>
      <object_component id="oc-7b0">
         <name>.common:tx_queue</name>
         <uninitialized>true</uninitialized>
         <run_address>0x1d50</run_address>
         <size>0xc</size>
      </object_component>
      <object_component id="oc-6d3">
         <name>.common:rx_queue</name>
         <uninitialized>true</uninitialized>
         <run_address>0x1d44</run_address>
         <size>0xc</size>
      </object_component>
      <object_component id="oc-452">
         <name>.common:uart_instr</name>
         <uninitialized>true</uninitialized>
         <run_address>0x1db6</run_address>
         <size>0x4</size>
      </object_component>
      <object_component id="oc-108">
         <name>.common:buffer</name>
         <uninitialized>true</uninitialized>
         <run_address>0x1c00</run_address>
         <size>0x80</size>
      </object_component>
      <object_component id="oc-4fd">
         <name>.common:trans_tx_callback</name>
         <uninitialized>true</uninitialized>
         <run_address>0x1db2</run_address>
         <size>0x4</size>
      </object_component>
      <object_component id="oc-50f">
         <name>.common:trans_rx_alp_callback</name>
         <uninitialized>true</uninitialized>
         <run_address>0x1dae</run_address>
         <size>0x4</size>
      </object_component>
      <object_component id="oc-50e">
         <name>.common:alp_result</name>
         <uninitialized>true</uninitialized>
         <run_address>0x1d70</run_address>
         <size>0x8</size>
      </object_component>
      <object_component id="oc-87d">
         <name>.common:state</name>
         <uninitialized>true</uninitialized>
         <run_address>0x1dca</run_address>
         <size>0x2</size>
      </object_component>
      <object_component id="oc-6df">
         <name>.common:packetLength</name>
         <uninitialized>true</uninitialized>
         <run_address>0x1dd3</run_address>
         <size>0x1</size>
      </object_component>
      <object_component id="oc-7b2">
         <name>.common:remainingBytes</name>
         <uninitialized>true</uninitialized>
         <run_address>0x1dc8</run_address>
         <size>0x2</size>
      </object_component>
      <object_component id="oc-7e2">
         <name>.common:fec</name>
         <uninitialized>true</uninitialized>
         <run_address>0x1dd2</run_address>
         <size>0x1</size>
      </object_component>
      <object_component id="oc-7ea">
         <name>.common:channel_center_freq_index</name>
         <uninitialized>true</uninitialized>
         <run_address>0x1dd1</run_address>
         <size>0x1</size>
      </object_component>
      <object_component id="oc-7eb">
         <name>.common:channel_bandwidth_index</name>
         <uninitialized>true</uninitialized>
         <run_address>0x1dd0</run_address>
         <size>0x1</size>
      </object_component>
      <object_component id="oc-7f2">
         <name>.common:preamble_size</name>
         <uninitialized>true</uninitialized>
         <run_address>0x1dd4</run_address>
         <size>0x1</size>
      </object_component>
      <object_component id="oc-7f9">
         <name>.common:sync_word</name>
         <uninitialized>true</uninitialized>
         <run_address>0x1dcc</run_address>
         <size>0x2</size>
      </object_component>
      <object_component id="oc-6cc">
         <name>.common:rx_data</name>
         <uninitialized>true</uninitialized>
         <run_address>0x1d66</run_address>
         <size>0xa</size>
      </object_component>
      <object_component id="oc-757">
         <name>.common:last_tx_cfg</name>
         <uninitialized>true</uninitialized>
         <run_address>0x1d9e</run_address>
         <size>0x4</size>
      </object_component>
      <object_component id="oc-63e">
         <name>.common:nwl_rx_callback</name>
         <uninitialized>true</uninitialized>
         <run_address>0x1da2</run_address>
         <size>0x4</size>
      </object_component>
      <object_component id="oc-61f">
         <name>.common:nwl_tx_callback</name>
         <uninitialized>true</uninitialized>
         <run_address>0x1da6</run_address>
         <size>0x4</size>
      </object_component>
      <object_component id="oc-63b">
         <name>.common:bf</name>
         <uninitialized>true</uninitialized>
         <run_address>0x1d8e</run_address>
         <size>0x4</size>
      </object_component>
      <object_component id="oc-633">
         <name>.common:d7anp_frame</name>
         <uninitialized>true</uninitialized>
         <run_address>0x1d2a</run_address>
         <size>0xe</size>
      </object_component>
      <object_component id="oc-3db">
         <name>.common:scan_cfg</name>
         <uninitialized>true</uninitialized>
         <run_address>0x1d80</run_address>
         <size>0x8</size>
      </object_component>
      <object_component id="oc-3dd">
         <name>.common:scan_series_cfg</name>
         <uninitialized>true</uninitialized>
         <run_address>0x1daa</run_address>
         <size>0x4</size>
      </object_component>
      <object_component id="oc-63d">
         <name>.common:res</name>
         <uninitialized>true</uninitialized>
         <run_address>0x1d88</run_address>
         <size>0x6</size>
      </object_component>
      <object_component id="oc-48f">
         <name>.common:clock_speed</name>
         <uninitialized>true</uninitialized>
         <run_address>0x1d92</run_address>
         <size>0x4</size>
      </object_component>
      <object_component id="oc-552">
         <name>.common:buffer</name>
         <uninitialized>true</uninitialized>
         <run_address>0x1cf8</run_address>
         <size>0x32</size>
      </object_component>
      <object_component id="oc-740">
         <name>.common:event_array</name>
         <uninitialized>true</uninitialized>
         <run_address>0x1c80</run_address>
         <size>0x78</size>
      </object_component>
      <object_component id="oc-73f">
         <name>.common:event_queue</name>
         <uninitialized>true</uninitialized>
         <run_address>0x1d38</run_address>
         <size>0xc</size>
      </object_component>
      <object_component id="oc-741">
         <name>.common:started</name>
         <uninitialized>true</uninitialized>
         <run_address>0x1dd5</run_address>
         <size>0x1</size>
      </object_component>
      <object_component id="oc-836">
         <name>.common:dll_rx_callback</name>
         <uninitialized>true</uninitialized>
         <run_address>0x1d96</run_address>
         <size>0x4</size>
      </object_component>
      <object_component id="oc-864">
         <name>.common:dll_tx_callback</name>
         <uninitialized>true</uninitialized>
         <run_address>0x1d9a</run_address>
         <size>0x4</size>
      </object_component>
      <object_component id="oc-787">
         <name>.common:dll_res</name>
         <uninitialized>true</uninitialized>
         <run_address>0x1d78</run_address>
         <size>0x8</size>
      </object_component>
      <object_component id="oc-837">
         <name>.common:current_css</name>
         <uninitialized>true</uninitialized>
         <run_address>0x1dbc</run_address>
         <size>0x2</size>
      </object_component>
      <object_component id="oc-88c">
         <name>.common:current_phy_cfg</name>
         <uninitialized>true</uninitialized>
         <run_address>0x1dbe</run_address>
         <size>0x2</size>
      </object_component>
      <object_component id="oc-82d">
         <name>.common:dll_state</name>
         <uninitialized>true</uninitialized>
         <run_address>0x1dc6</run_address>
         <size>0x2</size>
      </object_component>
      <object_component id="oc-759">
         <name>.common:device_subnet</name>
         <uninitialized>true</uninitialized>
         <run_address>0x1dc4</run_address>
         <size>0x2</size>
      </object_component>
      <object_component id="oc-5f4">
         <name>.common:destination_subnet</name>
         <uninitialized>true</uninitialized>
         <run_address>0x1dc0</run_address>
         <size>0x2</size>
      </object_component>
      <object_component id="oc-77c">
         <name>.common:frame</name>
         <uninitialized>true</uninitialized>
         <run_address>0x1d5c</run_address>
         <size>0xa</size>
      </object_component>
      <object_component id="oc-83d">
         <name>.common:crc</name>
         <uninitialized>true</uninitialized>
         <run_address>0x1dba</run_address>
         <size>0x2</size>
      </object_component>
      <object_component id="oc-99">
         <name>.stack</name>
         <uninitialized>true</uninitialized>
         <run_address>0x2bac</run_address>
         <size>0x2</size>
         <input_file_ref idref="fl-4b"/>
      </object_component>
      <object_component id="oc-8fd">
         <name>.stack</name>
         <uninitialized>true</uninitialized>
         <run_address>0x2bac</run_address>
         <size>0x0</size>
      </object_component>
      <object_component id="oc-5ae">
         <name>.text:__TI_frcdivd</name>
         <load_address>0x8200</load_address>
         <run_address>0x8200</run_address>
         <size>0x452</size>
         <input_file_ref idref="fl-5b"/>
      </object_component>
      <object_component id="oc-5c2">
         <name>.text:__TI_frcmpyd</name>
         <load_address>0x8652</load_address>
         <run_address>0x8652</run_address>
         <size>0x2e4</size>
         <input_file_ref idref="fl-7d"/>
      </object_component>
      <object_component id="oc-4b4">
         <name>.text:__mspabi_addd</name>
         <load_address>0x8936</load_address>
         <run_address>0x8936</run_address>
         <size>0x2d6</size>
         <input_file_ref idref="fl-4a"/>
      </object_component>
      <object_component id="oc-4ae">
         <name>.text:__mspabi_mpyd</name>
         <load_address>0x8c0c</load_address>
         <run_address>0x8c0c</run_address>
         <size>0x280</size>
         <input_file_ref idref="fl-71"/>
      </object_component>
      <object_component id="oc-5ca">
         <name>.text:__TI_frcaddd</name>
         <load_address>0x8e8c</load_address>
         <run_address>0x8e8c</run_address>
         <size>0x252</size>
         <input_file_ref idref="fl-5a"/>
      </object_component>
      <object_component id="oc-496">
         <name>.text:__mspabi_divd</name>
         <load_address>0x90de</load_address>
         <run_address>0x90de</run_address>
         <size>0x220</size>
         <input_file_ref idref="fl-54"/>
      </object_component>
      <object_component id="oc-602">
         <name>.text:rx_callback</name>
         <load_address>0x92fe</load_address>
         <run_address>0x92fe</run_address>
         <size>0x1ba</size>
         <input_file_ref idref="fl-17"/>
      </object_component>
      <object_component id="oc-20e">
         <name>.text:alp_create_structure_for_tx</name>
         <load_address>0x94b8</load_address>
         <run_address>0x94b8</run_address>
         <size>0x170</size>
         <input_file_ref idref="fl-19"/>
      </object_component>
      <object_component id="oc-55c">
         <name>.text:_setfield</name>
         <load_address>0x9628</load_address>
         <run_address>0x9628</run_address>
         <size>0x10e</size>
         <input_file_ref idref="fl-79"/>
      </object_component>
      <object_component id="oc-6e9">
         <name>.text:privateUCSSourceClockFromDCO</name>
         <load_address>0x9736</load_address>
         <run_address>0x9736</run_address>
         <size>0xf8</size>
         <input_file_ref idref="fl-1f"/>
      </object_component>
      <object_component id="oc-5e6">
         <name>.text:fs_send_notification</name>
         <load_address>0x982e</load_address>
         <run_address>0x982e</run_address>
         <size>0xf4</size>
         <input_file_ref idref="fl-18"/>
      </object_component>
      <object_component id="oc-59a">
         <name>.text:privateUCSComputeCLKFrequency</name>
         <load_address>0x9922</load_address>
         <run_address>0x9922</run_address>
         <size>0xee</size>
         <input_file_ref idref="fl-1f"/>
      </object_component>
      <object_component id="oc-592">
         <name>.text:UCS_initFLL</name>
         <load_address>0x9a10</load_address>
         <run_address>0x9a10</run_address>
         <size>0xe4</size>
         <input_file_ref idref="fl-1f"/>
      </object_component>
      <object_component id="oc-4ef">
         <name>.text:dll_rx_callback</name>
         <load_address>0x9af4</load_address>
         <run_address>0x9af4</run_address>
         <size>0xe0</size>
         <input_file_ref idref="fl-f"/>
      </object_component>
      <object_component id="oc-e0">
         <name>.text:__TI_decompress_rle_core</name>
         <load_address>0x9bd4</load_address>
         <run_address>0x9bd4</run_address>
         <size>0xd8</size>
         <input_file_ref idref="fl-4d"/>
      </object_component>
      <object_component id="oc-343">
         <name>.text:nwl_rx_callback</name>
         <load_address>0x9cac</load_address>
         <run_address>0x9cac</run_address>
         <size>0xd4</size>
         <input_file_ref idref="fl-b"/>
      </object_component>
      <object_component id="oc-395">
         <name>.text:nwl_build_network_protocol_data</name>
         <load_address>0x9d80</load_address>
         <run_address>0x9d80</run_address>
         <size>0xd2</size>
         <input_file_ref idref="fl-f"/>
      </object_component>
      <object_component id="oc-533">
         <name>.text:dll_create_frame</name>
         <load_address>0x9e52</load_address>
         <run_address>0x9e52</run_address>
         <size>0xca</size>
         <input_file_ref idref="fl-17"/>
      </object_component>
      <object_component id="oc-576">
         <name>.text:phy_rx</name>
         <load_address>0x9f1c</load_address>
         <run_address>0x9f1c</run_address>
         <size>0xc8</size>
         <input_file_ref idref="fl-c"/>
      </object_component>
      <object_component id="oc-5da">
         <name>.text:fs_check_notification_query</name>
         <load_address>0x9fe4</load_address>
         <run_address>0x9fe4</run_address>
         <size>0xc4</size>
         <input_file_ref idref="fl-18"/>
      </object_component>
      <object_component id="oc-7ec">
         <name>.text:set_channel</name>
         <load_address>0xa0a8</load_address>
         <run_address>0xa0a8</run_address>
         <size>0xc2</size>
         <input_file_ref idref="fl-c"/>
      </object_component>
      <object_component id="oc-3bb">
         <name>.text:__TI_printfi_minimal</name>
         <load_address>0xa16a</load_address>
         <run_address>0xa16a</run_address>
         <size>0xc0</size>
         <input_file_ref idref="fl-79"/>
      </object_component>
      <object_component id="oc-329">
         <name>.text:system_check_set_unique_id</name>
         <load_address>0xa22a</load_address>
         <run_address>0xa22a</run_address>
         <size>0xc0</size>
         <input_file_ref idref="fl-11"/>
      </object_component>
      <object_component id="oc-2c6">
         <name>.text:rx_data_isr</name>
         <load_address>0xa2ea</load_address>
         <run_address>0xa2ea</run_address>
         <size>0xbc</size>
         <input_file_ref idref="fl-c"/>
      </object_component>
      <object_component id="oc-315">
         <name>.text:uart_init</name>
         <load_address>0xa3a6</load_address>
         <run_address>0xa3a6</run_address>
         <size>0xb4</size>
         <input_file_ref idref="fl-13"/>
      </object_component>
      <object_component id="oc-721">
         <name>.text:__TI_renormd</name>
         <load_address>0xa45a</load_address>
         <run_address>0xa45a</run_address>
         <size>0xb2</size>
         <input_file_ref idref="fl-75"/>
      </object_component>
      <object_component id="oc-544">
         <name>.text:dll_rigd_ccp</name>
         <load_address>0xa50c</load_address>
         <run_address>0xa50c</run_address>
         <size>0xb2</size>
         <input_file_ref idref="fl-17"/>
      </object_component>
      <object_component id="oc-121">
         <name>.text:rx_callback</name>
         <load_address>0xa5be</load_address>
         <run_address>0xa5be</run_address>
         <size>0xb0</size>
         <input_file_ref idref="fl-3"/>
      </object_component>
      <object_component id="oc-4d6">
         <name>.text:fs_write_data</name>
         <load_address>0xa66e</load_address>
         <run_address>0xa66e</run_address>
         <size>0xaa</size>
         <input_file_ref idref="fl-18"/>
      </object_component>
      <object_component id="oc-507">
         <name>.text:trans_execute_query</name>
         <load_address>0xa718</load_address>
         <run_address>0xa718</run_address>
         <size>0xa6</size>
         <input_file_ref idref="fl-b"/>
      </object_component>
      <object_component id="oc-4c2">
         <name>.text:fs_open</name>
         <load_address>0xa7be</load_address>
         <run_address>0xa7be</run_address>
         <size>0x9e</size>
         <input_file_ref idref="fl-18"/>
      </object_component>
      <object_component id="oc-465">
         <name>.text:UCS_clockSignalInit</name>
         <load_address>0xa85c</load_address>
         <run_address>0xa85c</run_address>
         <size>0x96</size>
         <input_file_ref idref="fl-1f"/>
      </object_component>
      <object_component id="oc-ae">
         <name>.text:main</name>
         <load_address>0xa8f2</load_address>
         <run_address>0xa8f2</run_address>
         <size>0x94</size>
         <input_file_ref idref="fl-3"/>
      </object_component>
      <object_component id="oc-5e0">
         <name>.text:write_bytes_to_flash</name>
         <load_address>0xa986</load_address>
         <run_address>0xa986</run_address>
         <size>0x8e</size>
         <input_file_ref idref="fl-20"/>
      </object_component>
      <object_component id="oc-6c4">
         <name>.text:phy_translate_and_set_settings</name>
         <load_address>0xaa14</load_address>
         <run_address>0xaa14</run_address>
         <size>0x8c</size>
         <input_file_ref idref="fl-c"/>
      </object_component>
      <object_component id="oc-7e4">
         <name>.text:phy_translate_settings</name>
         <load_address>0xaaa0</load_address>
         <run_address>0xaaa0</run_address>
         <size>0x8a</size>
         <input_file_ref idref="fl-1a"/>
      </object_component>
      <object_component id="oc-3de">
         <name>.text:dll_channel_scan_series</name>
         <load_address>0xab2a</load_address>
         <run_address>0xab2a</run_address>
         <size>0x88</size>
         <input_file_ref idref="fl-17"/>
      </object_component>
      <object_component id="oc-a8">
         <name>.text:_auto_init_hold_wdt</name>
         <load_address>0xabb2</load_address>
         <run_address>0xabb2</run_address>
         <size>0x84</size>
         <input_file_ref idref="fl-7c"/>
      </object_component>
      <object_component id="oc-1d4">
         <name>.text:system_init</name>
         <load_address>0xac36</load_address>
         <run_address>0xac36</run_address>
         <size>0x80</size>
         <input_file_ref idref="fl-11"/>
      </object_component>
      <object_component id="oc-438">
         <name>.text:Strobe</name>
         <load_address>0xacb6</load_address>
         <run_address>0xacb6</run_address>
         <size>0x78</size>
         <input_file_ref idref="fl-e"/>
      </object_component>
      <object_component id="oc-490">
         <name>.text:__mspabi_fltuld</name>
         <load_address>0xad2e</load_address>
         <run_address>0xad2e</run_address>
         <size>0x76</size>
         <input_file_ref idref="fl-59"/>
      </object_component>
      <object_component id="oc-12d">
         <name>.text:start_tx</name>
         <load_address>0xada4</load_address>
         <run_address>0xada4</run_address>
         <size>0x76</size>
         <input_file_ref idref="fl-3"/>
      </object_component>
      <object_component id="oc-214">
         <name>.text:trans_tx_query</name>
         <load_address>0xae1a</load_address>
         <run_address>0xae1a</run_address>
         <size>0x72</size>
         <input_file_ref idref="fl-b"/>
      </object_component>
      <object_component id="oc-78a">
         <name>.text:scan_timeout</name>
         <load_address>0xae8c</load_address>
         <run_address>0xae8c</run_address>
         <size>0x6c</size>
         <input_file_ref idref="fl-17"/>
      </object_component>
      <object_component id="oc-7a9">
         <name>.text:set_eirp</name>
         <load_address>0xaef8</load_address>
         <run_address>0xaef8</run_address>
         <size>0x6c</size>
         <input_file_ref idref="fl-c"/>
      </object_component>
      <object_component id="oc-7f3">
         <name>.text:set_preamble_size</name>
         <load_address>0xaf64</load_address>
         <run_address>0xaf64</run_address>
         <size>0x6c</size>
         <input_file_ref idref="fl-c"/>
      </object_component>
      <object_component id="oc-28b">
         <name>.text:timer_insert_value_in_queue</name>
         <load_address>0xafd0</load_address>
         <run_address>0xafd0</run_address>
         <size>0x6a</size>
         <input_file_ref idref="fl-16"/>
      </object_component>
      <object_component id="oc-5b6">
         <name>.text:__mspabi_fixdul</name>
         <load_address>0xb03a</load_address>
         <run_address>0xb03a</run_address>
         <size>0x68</size>
         <input_file_ref idref="fl-57"/>
      </object_component>
      <object_component id="oc-309">
         <name>.text:clock_init</name>
         <load_address>0xb0a2</load_address>
         <run_address>0xb0a2</run_address>
         <size>0x62</size>
         <input_file_ref idref="fl-11"/>
      </object_component>
      <object_component id="oc-4dd">
         <name>.text:dll_init</name>
         <load_address>0xb104</load_address>
         <run_address>0xb104</run_address>
         <size>0x5e</size>
         <input_file_ref idref="fl-17"/>
      </object_component>
      <object_component id="oc-3ef">
         <name>.text:queue_insert_value</name>
         <load_address>0xb162</load_address>
         <run_address>0xb162</run_address>
         <size>0x5c</size>
         <input_file_ref idref="fl-15"/>
      </object_component>
      <object_component id="oc-37f">
         <name>.text:queue_push_u8_array</name>
         <load_address>0xb1be</load_address>
         <run_address>0xb1be</run_address>
         <size>0x58</size>
         <input_file_ref idref="fl-15"/>
      </object_component>
      <object_component id="oc-46e">
         <name>.text</name>
         <load_address>0xb216</load_address>
         <run_address>0xb216</run_address>
         <size>0x58</size>
         <input_file_ref idref="fl-53"/>
      </object_component>
      <object_component id="oc-16f">
         <name>.text:timer_add_event</name>
         <load_address>0xb26e</load_address>
         <run_address>0xb26e</run_address>
         <size>0x58</size>
         <input_file_ref idref="fl-16"/>
      </object_component>
      <object_component id="oc-53b">
         <name>.text:phy_tx</name>
         <load_address>0xb2c6</load_address>
         <run_address>0xb2c6</run_address>
         <size>0x56</size>
         <input_file_ref idref="fl-c"/>
      </object_component>
      <object_component id="oc-3f7">
         <name>.text:queue_push_value</name>
         <load_address>0xb31c</load_address>
         <run_address>0xb31c</run_address>
         <size>0x56</size>
         <input_file_ref idref="fl-15"/>
      </object_component>
      <object_component id="oc-6cd">
         <name>.text:set_timeout</name>
         <load_address>0xb372</load_address>
         <run_address>0xb372</run_address>
         <size>0x54</size>
         <input_file_ref idref="fl-c"/>
      </object_component>
      <object_component id="oc-21c">
         <name>.text:vsnprintf</name>
         <load_address>0xb3c6</load_address>
         <run_address>0xb3c6</run_address>
         <size>0x54</size>
         <input_file_ref idref="fl-77"/>
      </object_component>
      <object_component id="oc-457">
         <name>.text:SetVCoreUp</name>
         <load_address>0xb41a</load_address>
         <run_address>0xb41a</run_address>
         <size>0x52</size>
         <input_file_ref idref="fl-11"/>
      </object_component>
      <object_component id="oc-444">
         <name>.text:WriteBurstRegFromQueue</name>
         <load_address>0xb46c</load_address>
         <run_address>0xb46c</run_address>
         <size>0x52</size>
         <input_file_ref idref="fl-c"/>
      </object_component>
      <object_component id="oc-7d2">
         <name>.text:_ltostr</name>
         <load_address>0xb4be</load_address>
         <run_address>0xb4be</run_address>
         <size>0x52</size>
         <input_file_ref idref="fl-79"/>
      </object_component>
      <object_component id="oc-303">
         <name>.text:PMM_SetStdSVSM</name>
         <load_address>0xb510</load_address>
         <run_address>0xb510</run_address>
         <size>0x50</size>
         <input_file_ref idref="fl-11"/>
      </object_component>
      <object_component id="oc-41d">
         <name>.text:ReadBurstReg</name>
         <load_address>0xb560</load_address>
         <run_address>0xb560</run_address>
         <size>0x4c</size>
         <input_file_ref idref="fl-e"/>
      </object_component>
      <object_component id="oc-6a8">
         <name>.text:_pproc_diouxp</name>
         <load_address>0xb5ac</load_address>
         <run_address>0xb5ac</run_address>
         <size>0x4c</size>
         <input_file_ref idref="fl-79"/>
      </object_component>
      <object_component id="oc-7be">
         <name>.text:dll_csma</name>
         <load_address>0xb5f8</load_address>
         <run_address>0xb5f8</run_address>
         <size>0x4c</size>
         <input_file_ref idref="fl-17"/>
      </object_component>
      <object_component id="oc-4d0">
         <name>.text:TLV_getInfo</name>
         <load_address>0xb644</load_address>
         <run_address>0xb644</run_address>
         <size>0x4a</size>
         <input_file_ref idref="fl-1e"/>
      </object_component>
      <object_component id="oc-182">
         <name>.text:timer_completed</name>
         <load_address>0xb68e</load_address>
         <run_address>0xb68e</run_address>
         <size>0x4a</size>
         <input_file_ref idref="fl-16"/>
      </object_component>
      <object_component id="oc-844">
         <name>.text:WriteBurstPATable</name>
         <load_address>0xb6d8</load_address>
         <run_address>0xb6d8</run_address>
         <size>0x46</size>
         <input_file_ref idref="fl-e"/>
      </object_component>
      <object_component id="oc-3a8">
         <name>.text:log_print_stack_string</name>
         <load_address>0xb71e</load_address>
         <run_address>0xb71e</run_address>
         <size>0x46</size>
         <input_file_ref idref="fl-14"/>
      </object_component>
      <object_component id="oc-675">
         <name>.text:phy_tx_data</name>
         <load_address>0xb764</load_address>
         <run_address>0xb764</run_address>
         <size>0x44</size>
         <input_file_ref idref="fl-c"/>
      </object_component>
      <object_component id="oc-370">
         <name>.text:queue_push_u8</name>
         <load_address>0xb7a8</load_address>
         <run_address>0xb7a8</run_address>
         <size>0x44</size>
         <input_file_ref idref="fl-15"/>
      </object_component>
      <object_component id="oc-822">
         <name>.text:WriteBurstReg</name>
         <load_address>0xb7ec</load_address>
         <run_address>0xb7ec</run_address>
         <size>0x40</size>
         <input_file_ref idref="fl-e"/>
      </object_component>
      <object_component id="oc-cd">
         <name>.text:__memcpy_far</name>
         <load_address>0xb82c</load_address>
         <run_address>0xb82c</run_address>
         <size>0x40</size>
         <input_file_ref idref="fl-4f"/>
      </object_component>
      <object_component id="oc-562">
         <name>.text:_pproc_str</name>
         <load_address>0xb86c</load_address>
         <run_address>0xb86c</run_address>
         <size>0x40</size>
         <input_file_ref idref="fl-79"/>
      </object_component>
      <object_component id="oc-30f">
         <name>.text:led_init</name>
         <load_address>0xb8ac</load_address>
         <run_address>0xb8ac</run_address>
         <size>0x40</size>
         <input_file_ref idref="fl-10"/>
      </object_component>
      <object_component id="oc-6ef">
         <name>.text</name>
         <load_address>0xb8ec</load_address>
         <run_address>0xb8ec</run_address>
         <size>0x40</size>
         <input_file_ref idref="fl-52"/>
      </object_component>
      <object_component id="oc-84">
         <name>.text:decompress:ZI:__TI_zero_init</name>
         <load_address>0xb92c</load_address>
         <run_address>0xb92c</run_address>
         <size>0x3e</size>
         <input_file_ref idref="fl-4e"/>
      </object_component>
      <object_component id="oc-698">
         <name>.text:dll_aind_ccp_process</name>
         <load_address>0xb96a</load_address>
         <run_address>0xb96a</run_address>
         <size>0x3e</size>
         <input_file_ref idref="fl-17"/>
      </object_component>
      <object_component id="oc-2de">
         <name>.text:end_of_packet_isr</name>
         <load_address>0xb9a8</load_address>
         <run_address>0xb9a8</run_address>
         <size>0x3e</size>
         <input_file_ref idref="fl-c"/>
      </object_component>
      <object_component id="oc-6fd">
         <name>.text:l_asr_const</name>
         <load_address>0xb9e6</load_address>
         <run_address>0xb9e6</run_address>
         <size>0x3e</size>
         <input_file_ref idref="fl-7b"/>
      </object_component>
      <object_component id="oc-5a2">
         <name>.text:l_lsl_const</name>
         <load_address>0xba24</load_address>
         <run_address>0xba24</run_address>
         <size>0x3e</size>
         <input_file_ref idref="fl-6c"/>
      </object_component>
      <object_component id="oc-473">
         <name>.text:l_lsr_const</name>
         <load_address>0xba62</load_address>
         <run_address>0xba62</run_address>
         <size>0x3e</size>
         <input_file_ref idref="fl-6d"/>
      </object_component>
      <object_component id="oc-1e7">
         <name>.text:led_off</name>
         <load_address>0xbaa0</load_address>
         <run_address>0xbaa0</run_address>
         <size>0x3e</size>
         <input_file_ref idref="fl-10"/>
      </object_component>
      <object_component id="oc-205">
         <name>.text:led_on</name>
         <load_address>0xbade</load_address>
         <run_address>0xbade</run_address>
         <size>0x3e</size>
         <input_file_ref idref="fl-10"/>
      </object_component>
      <object_component id="oc-1ed">
         <name>.text:led_toggle</name>
         <load_address>0xbb1c</load_address>
         <run_address>0xbb1c</run_address>
         <size>0x3e</size>
         <input_file_ref idref="fl-10"/>
      </object_component>
      <object_component id="oc-643">
         <name>.text:shift_queue_left</name>
         <load_address>0xbb5a</load_address>
         <run_address>0xbb5a</run_address>
         <size>0x3e</size>
         <input_file_ref idref="fl-15"/>
      </object_component>
      <object_component id="oc-7e">
         <name>.text:decompress:none:__TI_decompress_none</name>
         <load_address>0xbb98</load_address>
         <run_address>0xbb98</run_address>
         <size>0x3c</size>
         <input_file_ref idref="fl-4c"/>
      </object_component>
      <object_component id="oc-134">
         <name>.text:log_print_string</name>
         <load_address>0xbbd4</load_address>
         <run_address>0xbbd4</run_address>
         <size>0x3c</size>
         <input_file_ref idref="fl-14"/>
      </object_component>
      <object_component id="oc-38d">
         <name>.text:queue_create_header_space</name>
         <load_address>0xbc10</load_address>
         <run_address>0xbc10</run_address>
         <size>0x3c</size>
         <input_file_ref idref="fl-15"/>
      </object_component>
      <object_component id="oc-525">
         <name>.text:shift_queue_right</name>
         <load_address>0xbc4c</load_address>
         <run_address>0xbc4c</run_address>
         <size>0x3c</size>
         <input_file_ref idref="fl-15"/>
      </object_component>
      <object_component id="oc-175">
         <name>.text:system_lowpower_mode</name>
         <load_address>0xbc88</load_address>
         <run_address>0xbc88</run_address>
         <size>0x3c</size>
         <input_file_ref idref="fl-11"/>
      </object_component>
      <object_component id="oc-517">
         <name>.text:check_for_space</name>
         <load_address>0xbcc4</load_address>
         <run_address>0xbcc4</run_address>
         <size>0x3a</size>
         <input_file_ref idref="fl-15"/>
      </object_component>
      <object_component id="oc-337">
         <name>.text:control_tx_callback</name>
         <load_address>0xbcfe</load_address>
         <run_address>0xbcfe</run_address>
         <size>0x3a</size>
         <input_file_ref idref="fl-b"/>
      </object_component>
      <object_component id="oc-10f">
         <name>.text:tx_callback</name>
         <load_address>0xbd38</load_address>
         <run_address>0xbd38</run_address>
         <size>0x3a</size>
         <input_file_ref idref="fl-3"/>
      </object_component>
      <object_component id="oc-2d8">
         <name>.text:tx_data_isr</name>
         <load_address>0xbd72</load_address>
         <run_address>0xbd72</run_address>
         <size>0x3a</size>
         <input_file_ref idref="fl-c"/>
      </object_component>
      <object_component id="oc-4c8">
         <name>.text:fs_get_data_pointer</name>
         <load_address>0xbdac</load_address>
         <run_address>0xbdac</run_address>
         <size>0x38</size>
         <input_file_ref idref="fl-18"/>
      </object_component>
      <object_component id="oc-680">
         <name>.text:rand</name>
         <load_address>0xbde4</load_address>
         <run_address>0xbde4</run_address>
         <size>0x38</size>
         <input_file_ref idref="fl-74"/>
      </object_component>
      <object_component id="oc-408">
         <name>.text:ReadSingleReg</name>
         <load_address>0xbe1c</load_address>
         <run_address>0xbe1c</run_address>
         <size>0x36</size>
         <input_file_ref idref="fl-e"/>
      </object_component>
      <object_component id="oc-478">
         <name>.text:UCS_initFLLSettle</name>
         <load_address>0xbe52</load_address>
         <run_address>0xbe52</run_address>
         <size>0x36</size>
         <input_file_ref idref="fl-1f"/>
      </object_component>
      <object_component id="oc-885">
         <name>.text:phy_get_rssi</name>
         <load_address>0xbe88</load_address>
         <run_address>0xbe88</run_address>
         <size>0x36</size>
         <input_file_ref idref="fl-c"/>
      </object_component>
      <object_component id="oc-781">
         <name>.text:log_dll_rx_res</name>
         <load_address>0xbebe</load_address>
         <run_address>0xbebe</run_address>
         <size>0x34</size>
         <input_file_ref idref="fl-14"/>
      </object_component>
      <object_component id="oc-2d2">
         <name>.text:rxtx_finish_isr</name>
         <load_address>0xbef2</load_address>
         <run_address>0xbef2</run_address>
         <size>0x34</size>
         <input_file_ref idref="fl-c"/>
      </object_component>
      <object_component id="oc-3af">
         <name>.text:_outs</name>
         <load_address>0xbf26</load_address>
         <run_address>0xbf26</run_address>
         <size>0x32</size>
         <input_file_ref idref="fl-77"/>
      </object_component>
      <object_component id="oc-72f">
         <name>.text:fs_read_byte</name>
         <load_address>0xbf58</load_address>
         <run_address>0xbf58</run_address>
         <size>0x32</size>
         <input_file_ref idref="fl-18"/>
      </object_component>
      <object_component id="oc-284">
         <name>.text:nwl_rx_start</name>
         <load_address>0xbf8a</load_address>
         <run_address>0xbf8a</run_address>
         <size>0x32</size>
         <input_file_ref idref="fl-f"/>
      </object_component>
      <object_component id="oc-79e">
         <name>.text:crc_ccitt_update</name>
         <load_address>0xbfbc</load_address>
         <run_address>0xbfbc</run_address>
         <size>0x30</size>
         <input_file_ref idref="fl-1c"/>
      </object_component>
      <object_component id="oc-54a">
         <name>.text:dll_aind_ccp</name>
         <load_address>0xbfec</load_address>
         <run_address>0xbfec</run_address>
         <size>0x30</size>
         <input_file_ref idref="fl-17"/>
      </object_component>
      <object_component id="oc-4a8">
         <name>.text:__mspabi_subd</name>
         <load_address>0xc01c</load_address>
         <run_address>0xc01c</run_address>
         <size>0x2e</size>
         <input_file_ref idref="fl-76"/>
      </object_component>
      <object_component id="oc-7cc">
         <name>.text:_getarg_diouxp</name>
         <load_address>0xc04a</load_address>
         <run_address>0xc04a</run_address>
         <size>0x2e</size>
         <input_file_ref idref="fl-79"/>
      </object_component>
      <object_component id="oc-c1">
         <name>.text:_isr:CC1101_ISR</name>
         <load_address>0xc078</load_address>
         <run_address>0xc078</run_address>
         <size>0x2e</size>
         <input_file_ref idref="fl-c"/>
      </object_component>
      <object_component id="oc-2a8">
         <name>.text:queue_pop_value</name>
         <load_address>0xc0a6</load_address>
         <run_address>0xc0a6</run_address>
         <size>0x2e</size>
         <input_file_ref idref="fl-15"/>
      </object_component>
      <object_component id="oc-487">
         <name>.text:GPIO_setAsOutputPin</name>
         <load_address>0xc0d4</load_address>
         <run_address>0xc0d4</run_address>
         <size>0x2c</size>
         <input_file_ref idref="fl-1d"/>
      </object_component>
      <object_component id="oc-3e7">
         <name>.text:queue_read_value</name>
         <load_address>0xc100</load_address>
         <run_address>0xc100</run_address>
         <size>0x2c</size>
         <input_file_ref idref="fl-15"/>
      </object_component>
      <object_component id="oc-6f4">
         <name>.text</name>
         <load_address>0xc12c</load_address>
         <run_address>0xc12c</run_address>
         <size>0x2c</size>
         <input_file_ref idref="fl-50"/>
      </object_component>
      <object_component id="oc-2fd">
         <name>.text:PMM_SetVCore</name>
         <load_address>0xc158</load_address>
         <run_address>0xc158</run_address>
         <size>0x28</size>
         <input_file_ref idref="fl-11"/>
      </object_component>
      <object_component id="oc-410">
         <name>.text:WriteSingleReg</name>
         <load_address>0xc180</load_address>
         <run_address>0xc180</run_address>
         <size>0x26</size>
         <input_file_ref idref="fl-e"/>
      </object_component>
      <object_component id="oc-157">
         <name>.text:log_print_data</name>
         <load_address>0xc1a6</load_address>
         <run_address>0xc1a6</run_address>
         <size>0x26</size>
         <input_file_ref idref="fl-14"/>
      </object_component>
      <object_component id="oc-45d">
         <name>.text:SetVCoreDown</name>
         <load_address>0xc1cc</load_address>
         <run_address>0xc1cc</run_address>
         <size>0x24</size>
         <input_file_ref idref="fl-11"/>
      </object_component>
      <object_component id="oc-658">
         <name>.text:crc_calculate</name>
         <load_address>0xc1f0</load_address>
         <run_address>0xc1f0</run_address>
         <size>0x24</size>
         <input_file_ref idref="fl-1c"/>
      </object_component>
      <object_component id="oc-3a1">
         <name>.text:dll_initiate_csma_ca</name>
         <load_address>0xc214</load_address>
         <run_address>0xc214</run_address>
         <size>0x24</size>
         <input_file_ref idref="fl-17"/>
      </object_component>
      <object_component id="oc-661">
         <name>.text:phy_init_tx</name>
         <load_address>0xc238</load_address>
         <run_address>0xc238</run_address>
         <size>0x24</size>
         <input_file_ref idref="fl-c"/>
      </object_component>
      <object_component id="oc-668">
         <name>.text:memcmp</name>
         <load_address>0xc25c</load_address>
         <run_address>0xc25c</run_address>
         <size>0x22</size>
         <input_file_ref idref="fl-6e"/>
      </object_component>
      <object_component id="oc-5fc">
         <name>.text:phy_init</name>
         <load_address>0xc27e</load_address>
         <run_address>0xc27e</run_address>
         <size>0x22</size>
         <input_file_ref idref="fl-c"/>
      </object_component>
      <object_component id="oc-31c">
         <name>.text:queue_init_with_header</name>
         <load_address>0xc2a0</load_address>
         <run_address>0xc2a0</run_address>
         <size>0x22</size>
         <input_file_ref idref="fl-15"/>
      </object_component>
      <object_component id="oc-686">
         <name>.text</name>
         <load_address>0xc2c2</load_address>
         <run_address>0xc2c2</run_address>
         <size>0x22</size>
         <input_file_ref idref="fl-73"/>
      </object_component>
      <object_component id="oc-361">
         <name>.text:GPIO_setOutputHighOnPin</name>
         <load_address>0xc2e4</load_address>
         <run_address>0xc2e4</run_address>
         <size>0x20</size>
         <input_file_ref idref="fl-1d"/>
      </object_component>
      <object_component id="oc-350">
         <name>.text:GPIO_setOutputLowOnPin</name>
         <load_address>0xc304</load_address>
         <run_address>0xc304</run_address>
         <size>0x20</size>
         <input_file_ref idref="fl-1d"/>
      </object_component>
      <object_component id="oc-357">
         <name>.text:GPIO_toggleOutputOnPin</name>
         <load_address>0xc324</load_address>
         <run_address>0xc324</run_address>
         <size>0x20</size>
         <input_file_ref idref="fl-1d"/>
      </object_component>
      <object_component id="oc-c7">
         <name>.text:_isr:USCI_A0_ISR</name>
         <load_address>0xc344</load_address>
         <run_address>0xc344</run_address>
         <size>0x20</size>
         <input_file_ref idref="fl-3"/>
      </object_component>
      <object_component id="oc-6d4">
         <name>.text:set_length_infinite</name>
         <load_address>0xc364</load_address>
         <run_address>0xc364</run_address>
         <size>0x20</size>
         <input_file_ref idref="fl-c"/>
      </object_component>
      <object_component id="oc-7fa">
         <name>.text:set_sync_word</name>
         <load_address>0xc384</load_address>
         <run_address>0xc384</run_address>
         <size>0x20</size>
         <input_file_ref idref="fl-c"/>
      </object_component>
      <object_component id="oc-60e">
         <name>.text:tx_callback</name>
         <load_address>0xc3a4</load_address>
         <run_address>0xc3a4</run_address>
         <size>0x20</size>
         <input_file_ref idref="fl-17"/>
      </object_component>
      <object_component id="oc-3b5">
         <name>.text:_outc</name>
         <load_address>0xc3c4</load_address>
         <run_address>0xc3c4</run_address>
         <size>0x1e</size>
         <input_file_ref idref="fl-77"/>
      </object_component>
      <object_component id="oc-39b">
         <name>.text:dll_tx_frame</name>
         <load_address>0xc3e2</load_address>
         <run_address>0xc3e2</run_address>
         <size>0x1e</size>
         <input_file_ref idref="fl-17"/>
      </object_component>
      <object_component id="oc-197">
         <name>.text:load_instruction</name>
         <load_address>0xc400</load_address>
         <run_address>0xc400</run_address>
         <size>0x1e</size>
         <input_file_ref idref="fl-3"/>
      </object_component>
      <object_component id="oc-323">
         <name>.text:queue_init</name>
         <load_address>0xc41e</load_address>
         <run_address>0xc41e</run_address>
         <size>0x1e</size>
         <input_file_ref idref="fl-15"/>
      </object_component>
      <object_component id="oc-5ed">
         <name>.text:timer_init</name>
         <load_address>0xc43c</load_address>
         <run_address>0xc43c</run_address>
         <size>0x1e</size>
         <input_file_ref idref="fl-16"/>
      </object_component>
      <object_component id="oc-229">
         <name>.text:uart_transmit_message</name>
         <load_address>0xc45a</load_address>
         <run_address>0xc45a</run_address>
         <size>0x1e</size>
         <input_file_ref idref="fl-13"/>
      </object_component>
      <object_component id="oc-85d">
         <name>.text:dll_cca2</name>
         <load_address>0xc478</load_address>
         <run_address>0xc478</run_address>
         <size>0x1c</size>
         <input_file_ref idref="fl-17"/>
      </object_component>
      <object_component id="oc-6ae">
         <name>.text:memccpy</name>
         <load_address>0xc494</load_address>
         <run_address>0xc494</run_address>
         <size>0x1c</size>
         <input_file_ref idref="fl-7e"/>
      </object_component>
      <object_component id="oc-66e">
         <name>.text:phy_set_tx</name>
         <load_address>0xc4b0</load_address>
         <run_address>0xc4b0</run_address>
         <size>0x1c</size>
         <input_file_ref idref="fl-c"/>
      </object_component>
      <object_component id="oc-47e">
         <name>.text:UCS_getSMCLK</name>
         <load_address>0xc4cc</load_address>
         <run_address>0xc4cc</run_address>
         <size>0x1a</size>
         <input_file_ref idref="fl-1f"/>
      </object_component>
      <object_component id="oc-869">
         <name>.text:_div</name>
         <load_address>0xc4e6</load_address>
         <run_address>0xc4e6</run_address>
         <size>0x1a</size>
         <input_file_ref idref="fl-79"/>
      </object_component>
      <object_component id="oc-6b">
         <name>.text:_isr:_c_int00_noexit</name>
         <load_address>0xc500</load_address>
         <run_address>0xc500</run_address>
         <size>0x1a</size>
         <input_file_ref idref="fl-4b"/>
      </object_component>
      <object_component id="oc-6bd">
         <name>.text:get_radiostate</name>
         <load_address>0xc51a</load_address>
         <run_address>0xc51a</run_address>
         <size>0x1a</size>
         <input_file_ref idref="fl-c"/>
      </object_component>
      <object_component id="oc-75a">
         <name>.text:check_subnet</name>
         <load_address>0xc534</load_address>
         <run_address>0xc534</run_address>
         <size>0x16</size>
         <input_file_ref idref="fl-17"/>
      </object_component>
      <object_component id="oc-331">
         <name>.text:nwl_init</name>
         <load_address>0xc54a</load_address>
         <run_address>0xc54a</run_address>
         <size>0x16</size>
         <input_file_ref idref="fl-f"/>
      </object_component>
      <object_component id="oc-857">
         <name>.text:phy_cca</name>
         <load_address>0xc560</load_address>
         <run_address>0xc560</run_address>
         <size>0x16</size>
         <input_file_ref idref="fl-1a"/>
      </object_component>
      <object_component id="oc-807">
         <name>.text</name>
         <load_address>0xc576</load_address>
         <run_address>0xc576</run_address>
         <size>0x16</size>
         <input_file_ref idref="fl-51"/>
      </object_component>
      <object_component id="oc-4bb">
         <name>.text</name>
         <load_address>0xc58c</load_address>
         <run_address>0xc58c</run_address>
         <size>0x16</size>
         <input_file_ref idref="fl-72"/>
      </object_component>
      <object_component id="oc-1e0">
         <name>.text:trans_init</name>
         <load_address>0xc5a2</load_address>
         <run_address>0xc5a2</run_address>
         <size>0x16</size>
         <input_file_ref idref="fl-b"/>
      </object_component>
      <object_component id="oc-5f6">
         <name>.text:fs_close</name>
         <load_address>0xc5b8</load_address>
         <run_address>0xc5b8</run_address>
         <size>0x14</size>
         <input_file_ref idref="fl-18"/>
      </object_component>
      <object_component id="oc-6a1">
         <name>.text:memset</name>
         <load_address>0xc5cc</load_address>
         <run_address>0xc5cc</run_address>
         <size>0x14</size>
         <input_file_ref idref="fl-7f"/>
      </object_component>
      <object_component id="oc-2cc">
         <name>.text:rx_fifo_overflow_isr</name>
         <load_address>0xc5e0</load_address>
         <run_address>0xc5e0</run_address>
         <size>0x14</size>
         <input_file_ref idref="fl-c"/>
      </object_component>
      <object_component id="oc-2c0">
         <name>.text:rx_timeout_isr</name>
         <load_address>0xc5f4</load_address>
         <run_address>0xc5f4</run_address>
         <size>0x14</size>
         <input_file_ref idref="fl-c"/>
      </object_component>
      <object_component id="oc-2f4">
         <name>.text:system_watchdog_timer_stop</name>
         <load_address>0xc608</load_address>
         <run_address>0xc608</run_address>
         <size>0x14</size>
         <input_file_ref idref="fl-11"/>
      </object_component>
      <object_component id="oc-222">
         <name>.text:uart_transmit_data</name>
         <load_address>0xc61c</load_address>
         <run_address>0xc61c</run_address>
         <size>0x14</size>
         <input_file_ref idref="fl-13"/>
      </object_component>
      <object_component id="oc-745">
         <name>.text:ResetRadioCore</name>
         <load_address>0xc630</load_address>
         <run_address>0xc630</run_address>
         <size>0x12</size>
         <input_file_ref idref="fl-e"/>
      </object_component>
      <object_component id="oc-49c">
         <name>.text:__mspabi_fixdu</name>
         <load_address>0xc642</load_address>
         <run_address>0xc642</run_address>
         <size>0x12</size>
         <input_file_ref idref="fl-56"/>
      </object_component>
      <object_component id="oc-51e">
         <name>.text:memcpy</name>
         <load_address>0xc654</load_address>
         <run_address>0xc654</run_address>
         <size>0x12</size>
         <input_file_ref idref="fl-6f"/>
      </object_component>
      <object_component id="oc-1ff">
         <name>.text:system_watchdog_timer_reset</name>
         <load_address>0xc666</load_address>
         <run_address>0xc666</run_address>
         <size>0x12</size>
         <input_file_ref idref="fl-11"/>
      </object_component>
      <object_component id="oc-bb">
         <name>.text:_isr:Timer_A_CCO</name>
         <load_address>0xc678</load_address>
         <run_address>0xc678</run_address>
         <size>0x10</size>
         <input_file_ref idref="fl-12"/>
      </object_component>
      <object_component id="oc-4e3">
         <name>.text:dll_tx_callback</name>
         <load_address>0xc688</load_address>
         <run_address>0xc688</run_address>
         <size>0x10</size>
         <input_file_ref idref="fl-f"/>
      </object_component>
      <object_component id="oc-71c">
         <name>.text:l_asr</name>
         <load_address>0xc698</load_address>
         <run_address>0xc698</run_address>
         <size>0x10</size>
         <input_file_ref idref="fl-7b"/>
      </object_component>
      <object_component id="oc-717">
         <name>.text:l_lsl</name>
         <load_address>0xc6a8</load_address>
         <run_address>0xc6a8</run_address>
         <size>0x10</size>
         <input_file_ref idref="fl-6c"/>
      </object_component>
      <object_component id="oc-706">
         <name>.text:l_lsr</name>
         <load_address>0xc6b8</load_address>
         <run_address>0xc6b8</run_address>
         <size>0x10</size>
         <input_file_ref idref="fl-6d"/>
      </object_component>
      <object_component id="oc-74e">
         <name>.text:WriteRfSettings</name>
         <load_address>0xc6c8</load_address>
         <run_address>0xc6c8</run_address>
         <size>0xe</size>
         <input_file_ref idref="fl-e"/>
      </object_component>
      <object_component id="oc-109">
         <name>.text:d7aoss_init</name>
         <load_address>0xc6d6</load_address>
         <run_address>0xc6d6</run_address>
         <size>0xe</size>
         <input_file_ref idref="fl-a"/>
      </object_component>
      <object_component id="oc-8a">
         <name>.text:decompress:rle24:__TI_decompress_rle24</name>
         <load_address>0xc6e4</load_address>
         <run_address>0xc6e4</run_address>
         <size>0xe</size>
         <input_file_ref idref="fl-4d"/>
      </object_component>
      <object_component id="oc-739">
         <name>.text:hal_timer_init</name>
         <load_address>0xc6f2</load_address>
         <run_address>0xc6f2</run_address>
         <size>0xe</size>
         <input_file_ref idref="fl-12"/>
      </object_component>
      <object_component id="oc-369">
         <name>.text:queue_clear</name>
         <load_address>0xc700</load_address>
         <run_address>0xc700</run_address>
         <size>0xe</size>
         <input_file_ref idref="fl-15"/>
      </object_component>
      <object_component id="oc-2e8">
         <name>.text:send_instr</name>
         <load_address>0xc70e</load_address>
         <run_address>0xc70e</run_address>
         <size>0xe</size>
         <input_file_ref idref="fl-3"/>
      </object_component>
      <object_component id="oc-556">
         <name>.text:strlen</name>
         <load_address>0xc71c</load_address>
         <run_address>0xc71c</run_address>
         <size>0xe</size>
         <input_file_ref idref="fl-80"/>
      </object_component>
      <object_component id="oc-427">
         <name>.text:calculate_rssi</name>
         <load_address>0xc72a</load_address>
         <run_address>0xc72a</run_address>
         <size>0xc</size>
         <input_file_ref idref="fl-c"/>
      </object_component>
      <object_component id="oc-82e">
         <name>.text:phy_idle</name>
         <load_address>0xc736</load_address>
         <run_address>0xc736</run_address>
         <size>0xc</size>
         <input_file_ref idref="fl-c"/>
      </object_component>
      <object_component id="oc-a2">
         <name>.text:_system_pre_init</name>
         <load_address>0xc742</load_address>
         <run_address>0xc742</run_address>
         <size>0xa</size>
         <input_file_ref idref="fl-11"/>
      </object_component>
      <object_component id="oc-189">
         <name>.text</name>
         <load_address>0xc74c</load_address>
         <run_address>0xc74c</run_address>
         <size>0xa</size>
         <input_file_ref idref="fl-6b"/>
      </object_component>
      <object_component id="oc-76b">
         <name>.text:scan_next</name>
         <load_address>0xc756</load_address>
         <run_address>0xc756</run_address>
         <size>0xa</size>
         <input_file_ref idref="fl-17"/>
      </object_component>
      <object_component id="oc-68b">
         <name>.text:final_rigd</name>
         <load_address>0xc760</load_address>
         <run_address>0xc760</run_address>
         <size>0x8</size>
         <input_file_ref idref="fl-17"/>
      </object_component>
      <object_component id="oc-2b1">
         <name>.text:hal_timer_disable_interrupt</name>
         <load_address>0xc768</load_address>
         <run_address>0xc768</run_address>
         <size>0x8</size>
         <input_file_ref idref="fl-12"/>
      </object_component>
      <object_component id="oc-292">
         <name>.text:hal_timer_enable_interrupt</name>
         <load_address>0xc770</load_address>
         <run_address>0xc770</run_address>
         <size>0x8</size>
         <input_file_ref idref="fl-12"/>
      </object_component>
      <object_component id="oc-691">
         <name>.text:t_ca_timeout_rigd</name>
         <load_address>0xc778</load_address>
         <run_address>0xc778</run_address>
         <size>0x8</size>
         <input_file_ref idref="fl-17"/>
      </object_component>
      <object_component id="oc-169">
         <name>.text:trans_rx_query_start</name>
         <load_address>0xc780</load_address>
         <run_address>0xc780</run_address>
         <size>0x8</size>
         <input_file_ref idref="fl-b"/>
      </object_component>
      <object_component id="oc-3cd">
         <name>.text:uart_tx_ready</name>
         <load_address>0xc788</load_address>
         <run_address>0xc788</run_address>
         <size>0x8</size>
         <input_file_ref idref="fl-13"/>
      </object_component>
      <object_component id="oc-9d">
         <name>.text:__TI_ISR_TRAP</name>
         <load_address>0xc790</load_address>
         <run_address>0xc790</run_address>
         <size>0x6</size>
         <input_file_ref idref="fl-6a"/>
      </object_component>
      <object_component id="oc-4a2">
         <name>.text:__mspabi_fltud</name>
         <load_address>0xc796</load_address>
         <run_address>0xc796</run_address>
         <size>0x6</size>
         <input_file_ref idref="fl-58"/>
      </object_component>
      <object_component id="oc-11b">
         <name>.text:dll_set_initial_t_ca</name>
         <load_address>0xc79c</load_address>
         <run_address>0xc79c</run_address>
         <size>0x6</size>
         <input_file_ref idref="fl-17"/>
      </object_component>
      <object_component id="oc-4f5">
         <name>.text:dll_set_rx_callback</name>
         <load_address>0xc7a2</load_address>
         <run_address>0xc7a2</run_address>
         <size>0x6</size>
         <input_file_ref idref="fl-17"/>
      </object_component>
      <object_component id="oc-4e9">
         <name>.text:dll_set_tx_callback</name>
         <load_address>0xc7a8</load_address>
         <run_address>0xc7a8</run_address>
         <size>0x6</size>
         <input_file_ref idref="fl-17"/>
      </object_component>
      <object_component id="oc-29f">
         <name>.text:hal_timer_getvalue</name>
         <load_address>0xc7ae</load_address>
         <run_address>0xc7ae</run_address>
         <size>0x6</size>
         <input_file_ref idref="fl-12"/>
      </object_component>
      <object_component id="oc-299">
         <name>.text:hal_timer_setvalue</name>
         <load_address>0xc7b4</load_address>
         <run_address>0xc7b4</run_address>
         <size>0x6</size>
         <input_file_ref idref="fl-12"/>
      </object_component>
      <object_component id="oc-349">
         <name>.text:nwl_set_rx_callback</name>
         <load_address>0xc7ba</load_address>
         <run_address>0xc7ba</run_address>
         <size>0x6</size>
         <input_file_ref idref="fl-f"/>
      </object_component>
      <object_component id="oc-33d">
         <name>.text:nwl_set_tx_callback</name>
         <load_address>0xc7c0</load_address>
         <run_address>0xc7c0</run_address>
         <size>0x6</size>
         <input_file_ref idref="fl-f"/>
      </object_component>
      <object_component id="oc-608">
         <name>.text:phy_set_rx_callback</name>
         <load_address>0xc7c6</load_address>
         <run_address>0xc7c6</run_address>
         <size>0x6</size>
         <input_file_ref idref="fl-1a"/>
      </object_component>
      <object_component id="oc-614">
         <name>.text:phy_set_tx_callback</name>
         <load_address>0xc7cc</load_address>
         <run_address>0xc7cc</run_address>
         <size>0x6</size>
         <input_file_ref idref="fl-1a"/>
      </object_component>
      <object_component id="oc-127">
         <name>.text:trans_set_alp_rx_callback</name>
         <load_address>0xc7d2</load_address>
         <run_address>0xc7d2</run_address>
         <size>0x6</size>
         <input_file_ref idref="fl-b"/>
      </object_component>
      <object_component id="oc-115">
         <name>.text:trans_set_tx_callback</name>
         <load_address>0xc7d8</load_address>
         <run_address>0xc7d8</run_address>
         <size>0x6</size>
         <input_file_ref idref="fl-b"/>
      </object_component>
      <object_component id="oc-15d">
         <name>.text:uart_enable_interrupt</name>
         <load_address>0xc7de</load_address>
         <run_address>0xc7de</run_address>
         <size>0x6</size>
         <input_file_ref idref="fl-13"/>
      </object_component>
      <object_component id="oc-b4">
         <name>.text:abort</name>
         <load_address>0xc7e4</load_address>
         <run_address>0xc7e4</run_address>
         <size>0x4</size>
         <input_file_ref idref="fl-55"/>
      </object_component>
      <object_component id="oc-84b">
         <name>.text:_nop</name>
         <load_address>0xc7e8</load_address>
         <run_address>0xc7e8</run_address>
         <size>0x2</size>
         <input_file_ref idref="fl-78"/>
      </object_component>
      <object_component id="oc-1da">
         <name>.text:fs_init</name>
         <load_address>0xc7ea</load_address>
         <run_address>0xc7ea</run_address>
[...]
      </symbol>
      <symbol id="sm-a24">
         <name>GPIO_setOutputHighOnPin</name>
         <value>0xc2e4</value>
         <object_component_ref idref="oc-361"/>
      </symbol>
      <symbol id="sm-a25">
         <name>GPIO_setAsOutputPin</name>
         <value>0xc0d4</value>
         <object_component_ref idref="oc-487"/>
      </symbol>
      <symbol id="sm-a26">
         <name>GPIO_setOutputLowOnPin</name>
         <value>0xc304</value>
         <object_component_ref idref="oc-350"/>
      </symbol>
      <symbol id="sm-a27">
         <name>GPIO_toggleOutputOnPin</name>
         <value>0xc324</value>
         <object_component_ref idref="oc-357"/>
      </symbol>
      <symbol id="sm-a3a">
         <name>TLV_getInfo</name>
         <value>0xb644</value>
         <object_component_ref idref="oc-4d0"/>
      </symbol>
      <symbol id="sm-a99">
         <name>UCS_XT2ClockFrequency</name>
         <value>0x1ea2</value>
         <object_component_ref idref="oc-6e6"/>
      </symbol>
      <symbol id="sm-a9a">
         <name>UCS_XT1ClockFrequency</name>
         <value>0x1e9e</value>
         <object_component_ref idref="oc-6e6"/>
      </symbol>
      <symbol id="sm-a9b">
         <name>UCS_initFLLSettle</name>
         <value>0xbe52</value>
         <object_component_ref idref="oc-478"/>
      </symbol>
      <symbol id="sm-a9c">
         <name>UCS_clockSignalInit</name>
         <value>0xa85c</value>
         <object_component_ref idref="oc-465"/>
      </symbol>
      <symbol id="sm-a9d">
         <name>privateUCSComputeCLKFrequency</name>
         <value>0x9922</value>
         <object_component_ref idref="oc-59a"/>
      </symbol>
      <symbol id="sm-a9e">
         <name>UCS_initFLL</name>
         <value>0x9a10</value>
         <object_component_ref idref="oc-592"/>
      </symbol>
      <symbol id="sm-a9f">
         <name>privateUCSSourceClockFromDCO</name>
         <value>0x9736</value>
         <object_component_ref idref="oc-6e9"/>
      </symbol>
      <symbol id="sm-aa0">
         <name>UCS_getSMCLK</name>
         <value>0xc4cc</value>
         <object_component_ref idref="oc-47e"/>
      </symbol>
      <symbol id="sm-ab0">
         <name>write_bytes_to_flash</name>
         <value>0xa986</value>
         <object_component_ref idref="oc-5e0"/>
      </symbol>
      <symbol id="sm-ad7">
         <name>__mspabi_addd</name>
         <value>0x8936</value>
         <object_component_ref idref="oc-4b4"/>
      </symbol>
      <symbol id="sm-ae7">
         <name>_c_int00_noexit</name>
         <value>0xc500</value>
         <object_component_ref idref="oc-6b"/>
      </symbol>
      <symbol id="sm-ae8">
         <name>_c_int00</name>
         <value>0xc500</value>
         <object_component_ref idref="oc-6b"/>
      </symbol>
      <symbol id="sm-ae9">
         <name>_stack</name>
         <value>0x2bac</value>
         <object_component_ref idref="oc-99"/>
      </symbol>
      <symbol id="sm-aea">
         <name>_reset_vector</name>
         <value>0xfffe</value>
         <object_component_ref idref="oc-9c"/>
      </symbol>
      <symbol id="sm-afb">
         <name>__TI_decompress_none</name>
         <value>0xbb98</value>
         <object_component_ref idref="oc-7e"/>
      </symbol>
      <symbol id="sm-b1f">
         <name>__TI_decompress_rle24</name>
         <value>0xc6e4</value>
         <object_component_ref idref="oc-8a"/>
      </symbol>
      <symbol id="sm-b32">
         <name>__TI_zero_init</name>
         <value>0xb92c</value>
         <object_component_ref idref="oc-84"/>
      </symbol>
      <symbol id="sm-b3d">
         <name>__memcpy_far</name>
         <value>0xb82c</value>
         <object_component_ref idref="oc-cd"/>
      </symbol>
      <symbol id="sm-b49">
         <name>__mspabi_remi</name>
         <value>0xc12c</value>
         <object_component_ref idref="oc-6f4"/>
      </symbol>
      <symbol id="sm-b4a">
         <name>__mspabi_divi</name>
         <value>0xc12c</value>
         <object_component_ref idref="oc-6f4"/>
      </symbol>
      <symbol id="sm-b54">
         <name>__mspabi_remu</name>
         <value>0xc576</value>
         <object_component_ref idref="oc-807"/>
      </symbol>
      <symbol id="sm-b55">
         <name>__mspabi_divu</name>
         <value>0xc576</value>
         <object_component_ref idref="oc-807"/>
      </symbol>
      <symbol id="sm-b61">
         <name>__mspabi_remli</name>
         <value>0xb8ec</value>
         <object_component_ref idref="oc-6ef"/>
      </symbol>
      <symbol id="sm-b62">
         <name>__mspabi_divli</name>
         <value>0xb8ec</value>
         <object_component_ref idref="oc-6ef"/>
      </symbol>
      <symbol id="sm-b70">
         <name>__mspabi_remul</name>
         <value>0xb216</value>
         <object_component_ref idref="oc-46e"/>
      </symbol>
      <symbol id="sm-b71">
         <name>__mspabi_divul</name>
         <value>0xb216</value>
         <object_component_ref idref="oc-46e"/>
      </symbol>
      <symbol id="sm-b92">
         <name>__mspabi_divd</name>
         <value>0x90de</value>
         <object_component_ref idref="oc-496"/>
      </symbol>
      <symbol id="sm-b9c">
         <name>C$$EXIT</name>
         <value>0xc7e4</value>
         <object_component_ref idref="oc-b4"/>
      </symbol>
      <symbol id="sm-b9d">
         <name>abort</name>
         <value>0xc7e4</value>
         <object_component_ref idref="oc-b4"/>
      </symbol>
      <symbol id="sm-bab">
         <name>__mspabi_fixdu</name>
         <value>0xc642</value>
         <object_component_ref idref="oc-49c"/>
      </symbol>
      <symbol id="sm-bbe">
         <name>__mspabi_fixdul</name>
         <value>0xb03a</value>
         <object_component_ref idref="oc-5b6"/>
      </symbol>
      <symbol id="sm-bca">
         <name>__mspabi_fltud</name>
         <value>0xc796</value>
         <object_component_ref idref="oc-4a2"/>
      </symbol>
      <symbol id="sm-bdf">
         <name>__mspabi_fltuld</name>
         <value>0xad2e</value>
         <object_component_ref idref="oc-490"/>
      </symbol>
      <symbol id="sm-c00">
         <name>__TI_frcaddd</name>
         <value>0x8e8c</value>
         <object_component_ref idref="oc-5ca"/>
      </symbol>
      <symbol id="sm-c1b">
         <name>__TI_frcdivd</name>
         <value>0x8200</value>
         <object_component_ref idref="oc-5ae"/>
      </symbol>
      <symbol id="sm-c1e">
         <name>__TI_int45</name>
         <value>0xffda</value>
         <object_component_ref idref="oc-67"/>
      </symbol>
      <symbol id="sm-c21">
         <name>__TI_int46</name>
         <value>0xffdc</value>
         <object_component_ref idref="oc-68"/>
      </symbol>
      <symbol id="sm-c24">
         <name>__TI_int48</name>
         <value>0xffe0</value>
         <object_component_ref idref="oc-69"/>
      </symbol>
      <symbol id="sm-c27">
         <name>__TI_int49</name>
         <value>0xffe2</value>
         <object_component_ref idref="oc-6a"/>
      </symbol>
      <symbol id="sm-c2a">
         <name>__TI_int50</name>
         <value>0xffe4</value>
         <object_component_ref idref="oc-71"/>
      </symbol>
      <symbol id="sm-c2d">
         <name>__TI_int52</name>
         <value>0xffe8</value>
         <object_component_ref idref="oc-73"/>
      </symbol>
      <symbol id="sm-c30">
         <name>__TI_int54</name>
         <value>0xffec</value>
         <object_component_ref idref="oc-75"/>
      </symbol>
      <symbol id="sm-c33">
         <name>__TI_int55</name>
         <value>0xffee</value>
         <object_component_ref idref="oc-76"/>
      </symbol>
      <symbol id="sm-c36">
         <name>__TI_int56</name>
         <value>0xfff0</value>
         <object_component_ref idref="oc-77"/>
      </symbol>
      <symbol id="sm-c39">
         <name>__TI_int57</name>
         <value>0xfff2</value>
         <object_component_ref idref="oc-78"/>
      </symbol>
      <symbol id="sm-c3c">
         <name>__TI_int59</name>
         <value>0xfff6</value>
         <object_component_ref idref="oc-7a"/>
      </symbol>
      <symbol id="sm-c3f">
         <name>__TI_int60</name>
         <value>0xfff8</value>
         <object_component_ref idref="oc-7b"/>
      </symbol>
      <symbol id="sm-c42">
         <name>__TI_int61</name>
         <value>0xfffa</value>
         <object_component_ref idref="oc-7c"/>
      </symbol>
      <symbol id="sm-c45">
         <name>__TI_int62</name>
         <value>0xfffc</value>
         <object_component_ref idref="oc-7d"/>
      </symbol>
      <symbol id="sm-c4d">
         <name>__TI_ISR_TRAP</name>
         <value>0xc790</value>
         <object_component_ref idref="oc-9d"/>
      </symbol>
      <symbol id="sm-c56">
         <name>__mspabi_slli</name>
         <value>0xc74c</value>
         <object_component_ref idref="oc-189"/>
      </symbol>
      <symbol id="sm-c66">
         <name>__mspabi_slll_9</name>
         <value>0xba3c</value>
         <object_component_ref idref="oc-5a2"/>
      </symbol>
      <symbol id="sm-c67">
         <name>__mspabi_slll_8</name>
         <value>0xba40</value>
         <object_component_ref idref="oc-5a2"/>
      </symbol>
      <symbol id="sm-c68">
         <name>__mspabi_slll_7</name>
         <value>0xba44</value>
         <object_component_ref idref="oc-5a2"/>
      </symbol>
      <symbol id="sm-c69">
         <name>__mspabi_slll_6</name>
         <value>0xba48</value>
         <object_component_ref idref="oc-5a2"/>
      </symbol>
      <symbol id="sm-c6a">
         <name>__mspabi_slll_5</name>
         <value>0xba4c</value>
         <object_component_ref idref="oc-5a2"/>
      </symbol>
      <symbol id="sm-c6b">
         <name>__mspabi_slll_4</name>
         <value>0xba50</value>
         <object_component_ref idref="oc-5a2"/>
      </symbol>
      <symbol id="sm-c6c">
         <name>__mspabi_slll_3</name>
         <value>0xba54</value>
         <object_component_ref idref="oc-5a2"/>
      </symbol>
      <symbol id="sm-c6d">
         <name>__mspabi_slll_2</name>
         <value>0xba58</value>
         <object_component_ref idref="oc-5a2"/>
      </symbol>
      <symbol id="sm-c6e">
         <name>__mspabi_slll_1</name>
         <value>0xba5c</value>
         <object_component_ref idref="oc-5a2"/>
      </symbol>
      <symbol id="sm-c6f">
         <name>__mspabi_slll</name>
         <value>0xc6a8</value>
         <object_component_ref idref="oc-717"/>
      </symbol>
      <symbol id="sm-c70">
         <name>__mspabi_slll_15</name>
         <value>0xba24</value>
         <object_component_ref idref="oc-5a2"/>
      </symbol>
      <symbol id="sm-c71">
         <name>__mspabi_slll_14</name>
         <value>0xba28</value>
         <object_component_ref idref="oc-5a2"/>
      </symbol>
      <symbol id="sm-c72">
         <name>__mspabi_slll_13</name>
         <value>0xba2c</value>
         <object_component_ref idref="oc-5a2"/>
      </symbol>
      <symbol id="sm-c73">
         <name>__mspabi_slll_12</name>
         <value>0xba30</value>
         <object_component_ref idref="oc-5a2"/>
      </symbol>
      <symbol id="sm-c74">
         <name>__mspabi_slll_11</name>
         <value>0xba34</value>
         <object_component_ref idref="oc-5a2"/>
      </symbol>
      <symbol id="sm-c75">
         <name>__mspabi_slll_10</name>
         <value>0xba38</value>
         <object_component_ref idref="oc-5a2"/>
      </symbol>
      <symbol id="sm-c85">
         <name>__mspabi_srll_8</name>
         <value>0xba7e</value>
         <object_component_ref idref="oc-473"/>
      </symbol>
      <symbol id="sm-c86">
         <name>__mspabi_srll_9</name>
         <value>0xba7a</value>
         <object_component_ref idref="oc-473"/>
      </symbol>
      <symbol id="sm-c87">
         <name>__mspabi_srll_6</name>
         <value>0xba86</value>
         <object_component_ref idref="oc-473"/>
      </symbol>
      <symbol id="sm-c88">
         <name>__mspabi_srll_7</name>
         <value>0xba82</value>
         <object_component_ref idref="oc-473"/>
      </symbol>
      <symbol id="sm-c89">
         <name>__mspabi_srll_4</name>
         <value>0xba8e</value>
         <object_component_ref idref="oc-473"/>
      </symbol>
      <symbol id="sm-c8a">
         <name>__mspabi_srll_5</name>
         <value>0xba8a</value>
         <object_component_ref idref="oc-473"/>
      </symbol>
      <symbol id="sm-c8b">
         <name>__mspabi_srll_2</name>
         <value>0xba96</value>
         <object_component_ref idref="oc-473"/>
      </symbol>
      <symbol id="sm-c8c">
         <name>__mspabi_srll_3</name>
         <value>0xba92</value>
         <object_component_ref idref="oc-473"/>
      </symbol>
      <symbol id="sm-c8d">
         <name>__mspabi_srll_1</name>
         <value>0xba9a</value>
         <object_component_ref idref="oc-473"/>
      </symbol>
      <symbol id="sm-c8e">
         <name>__mspabi_srll_15</name>
         <value>0xba62</value>
         <object_component_ref idref="oc-473"/>
      </symbol>
      <symbol id="sm-c8f">
         <name>__mspabi_srll_14</name>
         <value>0xba66</value>
         <object_component_ref idref="oc-473"/>
      </symbol>
      <symbol id="sm-c90">
         <name>__mspabi_srll_13</name>
         <value>0xba6a</value>
         <object_component_ref idref="oc-473"/>
      </symbol>
      <symbol id="sm-c91">
         <name>__mspabi_srll_12</name>
         <value>0xba6e</value>
         <object_component_ref idref="oc-473"/>
      </symbol>
      <symbol id="sm-c92">
         <name>__mspabi_srll_11</name>
         <value>0xba72</value>
         <object_component_ref idref="oc-473"/>
      </symbol>
      <symbol id="sm-c93">
         <name>__mspabi_srll_10</name>
         <value>0xba76</value>
         <object_component_ref idref="oc-473"/>
      </symbol>
      <symbol id="sm-c94">
         <name>__mspabi_srll</name>
         <value>0xc6b8</value>
         <object_component_ref idref="oc-706"/>
      </symbol>
      <symbol id="sm-ca3">
         <name>memcmp</name>
         <value>0xc25c</value>
         <object_component_ref idref="oc-668"/>
      </symbol>
      <symbol id="sm-cb1">
         <name>memcpy</name>
         <value>0xc654</value>
         <object_component_ref idref="oc-51e"/>
      </symbol>
      <symbol id="sm-cd2">
         <name>__mspabi_mpyd</name>
         <value>0x8c0c</value>
         <object_component_ref idref="oc-4ae"/>
      </symbol>
      <symbol id="sm-cda">
         <name>__mspabi_mpyi_f5hw</name>
         <value>0xc58c</value>
         <object_component_ref idref="oc-4bb"/>
      </symbol>
      <symbol id="sm-ce2">
         <name>__mspabi_mpyl_f5hw</name>
         <value>0xc2c2</value>
         <object_component_ref idref="oc-686"/>
      </symbol>
      <symbol id="sm-cf1">
         <name>rand</name>
         <value>0xbde4</value>
         <object_component_ref idref="oc-680"/>
      </symbol>
      <symbol id="sm-d05">
         <name>__TI_renormd</name>
         <value>0xa45a</value>
         <object_component_ref idref="oc-721"/>
      </symbol>
      <symbol id="sm-d11">
         <name>__mspabi_subd</name>
         <value>0xc01c</value>
         <object_component_ref idref="oc-4a8"/>
      </symbol>
      <symbol id="sm-d3d">
         <name>vsnprintf</name>
         <value>0xb3c6</value>
         <object_component_ref idref="oc-21c"/>
      </symbol>
      <symbol id="sm-d4e">
         <name>_nop</name>
         <value>0xc7e8</value>
         <object_component_ref idref="oc-84b"/>
      </symbol>
      <symbol id="sm-d4f">
         <name>_lock</name>
         <value>0x1eae</value>
         <object_component_ref idref="oc-7b6"/>
      </symbol>
      <symbol id="sm-d50">
         <name>_unlock</name>
         <value>0x1eb2</value>
         <object_component_ref idref="oc-7b6"/>
      </symbol>
      <symbol id="sm-db7">
         <name>__TI_printfi_minimal</name>
         <value>0xa16a</value>
         <object_component_ref idref="oc-3bb"/>
      </symbol>
      <symbol id="sm-dc8">
         <name>__mspabi_sral</name>
         <value>0xc698</value>
         <object_component_ref idref="oc-71c"/>
      </symbol>
      <symbol id="sm-dc9">
         <name>__mspabi_sral_15</name>
         <value>0xb9e6</value>
         <object_component_ref idref="oc-6fd"/>
      </symbol>
      <symbol id="sm-dca">
         <name>__mspabi_sral_14</name>
         <value>0xb9ea</value>
         <object_component_ref idref="oc-6fd"/>
      </symbol>
      <symbol id="sm-dcb">
         <name>__mspabi_sral_13</name>
         <value>0xb9ee</value>
         <object_component_ref idref="oc-6fd"/>
      </symbol>
      <symbol id="sm-dcc">
         <name>__mspabi_sral_12</name>
         <value>0xb9f2</value>
         <object_component_ref idref="oc-6fd"/>
      </symbol>
      <symbol id="sm-dcd">
         <name>__mspabi_sral_11</name>
         <value>0xb9f6</value>
         <object_component_ref idref="oc-6fd"/>
      </symbol>
      <symbol id="sm-dce">
         <name>__mspabi_sral_10</name>
         <value>0xb9fa</value>
         <object_component_ref idref="oc-6fd"/>
      </symbol>
      <symbol id="sm-dcf">
         <name>__mspabi_sral_8</name>
         <value>0xba02</value>
         <object_component_ref idref="oc-6fd"/>
      </symbol>
      <symbol id="sm-dd0">
         <name>__mspabi_sral_9</name>
         <value>0xb9fe</value>
         <object_component_ref idref="oc-6fd"/>
      </symbol>
      <symbol id="sm-dd1">
         <name>__mspabi_sral_6</name>
         <value>0xba0a</value>
         <object_component_ref idref="oc-6fd"/>
      </symbol>
      <symbol id="sm-dd2">
         <name>__mspabi_sral_7</name>
         <value>0xba06</value>
         <object_component_ref idref="oc-6fd"/>
      </symbol>
      <symbol id="sm-dd3">
         <name>__mspabi_sral_4</name>
         <value>0xba12</value>
         <object_component_ref idref="oc-6fd"/>
      </symbol>
      <symbol id="sm-dd4">
         <name>__mspabi_sral_5</name>
         <value>0xba0e</value>
         <object_component_ref idref="oc-6fd"/>
      </symbol>
      <symbol id="sm-dd5">
         <name>__mspabi_sral_2</name>
         <value>0xba1a</value>
         <object_component_ref idref="oc-6fd"/>
      </symbol>
      <symbol id="sm-dd6">
         <name>__mspabi_sral_3</name>
         <value>0xba16</value>
         <object_component_ref idref="oc-6fd"/>
      </symbol>
      <symbol id="sm-dd7">
         <name>__mspabi_sral_1</name>
         <value>0xba1e</value>
         <object_component_ref idref="oc-6fd"/>
      </symbol>
      <symbol id="sm-ded">
         <name>_auto_init_hold_wdt</name>
         <value>0xabb2</value>
         <object_component_ref idref="oc-a8"/>
      </symbol>
      <symbol id="sm-dfe">
         <name>__TI_frcmpyd</name>
         <value>0x8652</value>
         <object_component_ref idref="oc-5c2"/>
      </symbol>
      <symbol id="sm-e0d">
         <name>memccpy</name>
         <value>0xc494</value>
         <object_component_ref idref="oc-6ae"/>
      </symbol>
      <symbol id="sm-e1b">
         <name>memset</name>
         <value>0xc5cc</value>
         <object_component_ref idref="oc-6a1"/>
      </symbol>
      <symbol id="sm-e28">
         <name>strlen</name>
         <value>0xc71c</value>
         <object_component_ref idref="oc-556"/>
      </symbol>
      <symbol id="sm-e29">
         <name>__TI_exit</name>
         <value>0x1</value>
      </symbol>
      <symbol id="sm-e2a">
         <name>__TI_args_main</name>
         <value>0x1</value>
      </symbol>
      <symbol id="sm-e2b">
         <name>__TI_INITARRAY_Base</name>
         <value>0x0</value>
      </symbol>
      <symbol id="sm-e2c">
         <name>__TI_INITARRAY_Limit</name>
         <value>0x0</value>
      </symbol>
      <symbol id="sm-e2f">
         <name>timer_get_counter_value</name>
         <value>0xc7ae</value>
      </symbol>
   </symbol_table>
   <title>Link successful</title>
</link_info>
