******************************************************************************
                  MSP430 Linker PC v4.3.3                      
******************************************************************************
>> Linked Tue Dec 16 11:47:47 2014

OUTPUT FILE NAME:   <request_response_requester.out>
ENTRY POINT SYMBOL: "_c_int00"  address: 0000c500


MEMORY CONFIGURATION

         name            origin    length      used     unused   attr    fill
----------------------  --------  ---------  --------  --------  ----  --------
  SFR                   00000000   00000010  00000000  00000010  RWIX
  PERIPHERALS_8BIT      00000010   000000f0  00000000  000000f0  RWIX
  PERIPHERALS_16BIT     00000100   00000100  00000000  00000100  RWIX
  INFOD                 00001800   00000080  00000000  00000080  RWIX
  INFOC                 00001880   00000080  00000000  00000080  RWIX
  INFOB                 00001900   00000080  00000000  00000080  RWIX
  INFOA                 00001980   00000080  00000000  00000080  RWIX
  RAM                   00001c00   00000ffe  00000316  00000ce8  RWIX
  FLASH_FS1             00008000   00000100  00000067  00000099  RWIX
  FLASH_FS2             00008100   00000100  0000002e  000000d2  RWIX
  FLASH                 00008200   00007d80  000049c6  000033ba  RWIX
  INT00                 0000ff80   00000002  00000000  00000002  RWIX
  INT01                 0000ff82   00000002  00000000  00000002  RWIX
  INT02                 0000ff84   00000002  00000000  00000002  RWIX
  INT03                 0000ff86   00000002  00000000  00000002  RWIX
  INT04                 0000ff88   00000002  00000000  00000002  RWIX
  INT05                 0000ff8a   00000002  00000000  00000002  RWIX
  INT06                 0000ff8c   00000002  00000000  00000002  RWIX
  INT07                 0000ff8e   00000002  00000000  00000002  RWIX
  INT08                 0000ff90   00000002  00000000  00000002  RWIX
  INT09                 0000ff92   00000002  00000000  00000002  RWIX
  INT10                 0000ff94   00000002  00000000  00000002  RWIX
  INT11                 0000ff96   00000002  00000000  00000002  RWIX
  INT12                 0000ff98   00000002  00000000  00000002  RWIX
  INT13                 0000ff9a   00000002  00000000  00000002  RWIX
  INT14                 0000ff9c   00000002  00000000  00000002  RWIX
  INT15                 0000ff9e   00000002  00000000  00000002  RWIX
  INT16                 0000ffa0   00000002  00000000  00000002  RWIX
  INT17                 0000ffa2   00000002  00000000  00000002  RWIX
  INT18                 0000ffa4   00000002  00000000  00000002  RWIX
  INT19                 0000ffa6   00000002  00000000  00000002  RWIX
  INT20                 0000ffa8   00000002  00000000  00000002  RWIX
  INT21                 0000ffaa   00000002  00000000  00000002  RWIX
  INT22                 0000ffac   00000002  00000000  00000002  RWIX
  INT23                 0000ffae   00000002  00000000  00000002  RWIX
  INT24                 0000ffb0   00000002  00000000  00000002  RWIX
  INT25                 0000ffb2   00000002  00000000  00000002  RWIX
  INT26                 0000ffb4   00000002  00000000  00000002  RWIX
  INT27                 0000ffb6   00000002  00000000  00000002  RWIX
  INT28                 0000ffb8   00000002  00000000  00000002  RWIX
  INT29                 0000ffba   00000002  00000000  00000002  RWIX
  INT30                 0000ffbc   00000002  00000000  00000002  RWIX
  INT31                 0000ffbe   00000002  00000000  00000002  RWIX
  INT32                 0000ffc0   00000002  00000000  00000002  RWIX
  INT33                 0000ffc2   00000002  00000000  00000002  RWIX
  INT34                 0000ffc4   00000002  00000000  00000002  RWIX
  INT35                 0000ffc6   00000002  00000000  00000002  RWIX
  INT36                 0000ffc8   00000002  00000000  00000002  RWIX
  INT37                 0000ffca   00000002  00000000  00000002  RWIX
  INT38                 0000ffcc   00000002  00000000  00000002  RWIX
  INT39                 0000ffce   00000002  00000000  00000002  RWIX
  INT40                 0000ffd0   00000002  00000000  00000002  RWIX
  INT41                 0000ffd2   00000002  00000000  00000002  RWIX
  INT42                 0000ffd4   00000002  00000000  00000002  RWIX
  INT43                 0000ffd6   00000002  00000000  00000002  RWIX
  INT44                 0000ffd8   00000002  00000000  00000002  RWIX
  INT45                 0000ffda   00000002  00000002  00000000  RWIX
  INT46                 0000ffdc   00000002  00000002  00000000  RWIX
  INT47                 0000ffde   00000002  00000000  00000002  RWIX
  INT48                 0000ffe0   00000002  00000002  00000000  RWIX
  INT49                 0000ffe2   00000002  00000002  00000000  RWIX
  INT50                 0000ffe4   00000002  00000002  00000000  RWIX
  INT51                 0000ffe6   00000002  00000002  00000000  RWIX
  INT52                 0000ffe8   00000002  00000002  00000000  RWIX
  INT53                 0000ffea   00000002  00000002  00000000  RWIX
  INT54                 0000ffec   00000002  00000002  00000000  RWIX
  INT55                 0000ffee   00000002  00000002  00000000  RWIX
  INT56                 0000fff0   00000002  00000002  00000000  RWIX
  INT57                 0000fff2   00000002  00000002  00000000  RWIX
  INT58                 0000fff4   00000002  00000002  00000000  RWIX
  INT59                 0000fff6   00000002  00000002  00000000  RWIX
  INT60                 0000fff8   00000002  00000002  00000000  RWIX
  INT61                 0000fffa   00000002  00000002  00000000  RWIX
  INT62                 0000fffc   00000002  00000002  00000000  RWIX
  RESET                 0000fffe   00000002  00000002  00000000  RWIX


SECTION ALLOCATION MAP

 output                                  attributes/
section   page    origin      length       input sections
--------  ----  ----------  ----------   ----------------
.init_array 
*          0    00008200    00000000     UNINITIALIZED

.bss       0    00001c00    000001d6     UNINITIALIZED
                  00001c00    00000080     (.common:buffer)
                  00001c80    00000078     (.common:event_array)
                  00001cf8    00000032     (.common:buffer)
                  00001d2a    0000000e     (.common:d7anp_frame)
                  00001d38    0000000c     (.common:event_queue)
                  00001d44    0000000c     (.common:rx_queue)
                  00001d50    0000000c     (.common:tx_queue)
                  00001d5c    0000000a     (.common:frame)
                  00001d66    0000000a     (.common:rx_data)
                  00001d70    00000008     (.common:alp_result)
                  00001d78    00000008     (.common:dll_res)
                  00001d80    00000008     (.common:scan_cfg)
                  00001d88    00000006     (.common:res)
                  00001d8e    00000004     (.common:bf)
                  00001d92    00000004     (.common:clock_speed)
                  00001d96    00000004     (.common:dll_rx_callback)
                  00001d9a    00000004     (.common:dll_tx_callback)
                  00001d9e    00000004     (.common:last_tx_cfg)
                  00001da2    00000004     (.common:nwl_rx_callback)
                  00001da6    00000004     (.common:nwl_tx_callback)
                  00001daa    00000004     (.common:scan_series_cfg)
                  00001dae    00000004     (.common:trans_rx_alp_callback)
                  00001db2    00000004     (.common:trans_tx_callback)
                  00001db6    00000004     (.common:uart_instr)
                  00001dba    00000002     (.common:crc)
                  00001dbc    00000002     (.common:current_css)
                  00001dbe    00000002     (.common:current_phy_cfg)
                  00001dc0    00000002     (.common:destination_subnet)
                  00001dc2    00000002     (.common:device_id)
                  00001dc4    00000002     (.common:device_subnet)
                  00001dc6    00000002     (.common:dll_state)
                  00001dc8    00000002     (.common:remainingBytes)
                  00001dca    00000002     (.common:state)
                  00001dcc    00000002     (.common:sync_word)
                  00001dce    00000002     (.common:virtual_id)
                  00001dd0    00000001     (.common:channel_bandwidth_index)
                  00001dd1    00000001     (.common:channel_center_freq_index)
                  00001dd2    00000001     (.common:fec)
                  00001dd3    00000001     (.common:packetLength)
                  00001dd4    00000001     (.common:preamble_size)
                  00001dd5    00000001     (.common:started)

.data      0    00001dd6    000000f0     UNINITIALIZED
                  00001dd6    00000088     d7aoss.lib : cc430_interrupts.obj (.data:interrupt_table)
                  00001e5e    00000027                : cc430_settings.obj (.data)
                  00001e85    00000001     --HOLE--
                  00001e86    00000010                : dll.obj (.data)
                  00001e96    00000008                : phy.obj (.data)
                  00001e9e    00000008                : ucs.obj (.data)
                  00001ea6    00000008     main.obj (.data)
                  00001eae    00000008     rts430x_lc_sd_eabi.lib : _lock.obj (.data)
                  00001eb6    00000004                            : rand.obj (.data)
                  00001eba    00000003     d7aoss.lib : cc430_phy.obj (.data)
                  00001ebd    00000002                : cc430_system.obj (.data)
                  00001ebf    00000002                : nwl.obj (.data)
                  00001ec1    00000001     --HOLE--
                  00001ec2    00000002                : cc430_phy.obj (.data:previous_spectrum_id)
                  00001ec4    00000002     main.obj (.data:send_channel)

.TI.persistent 
*          0    00001dd6    00000000     UNINITIALIZED

.stack     0    00002bac    00000050     UNINITIALIZED
                  00002bac    00000002     rts430x_lc_sd_eabi.lib : boot.obj (.stack)
                  00002bae    0000004e     --HOLE--

.fs_fileinfo 
*          0    00008000    0000003f     
                  00008000    0000003f     filesystem.obj (.fs_fileinfo:filesystem_info_headers)

.fs_fileinfo_bitmap 
*          0    00008040    00000028     
                  00008040    00000028     filesystem.obj (.fs_fileinfo_bitmap:filesystem_info_bitmap)

.fs_files 
*          0    00008100    0000002e     
                  00008100    0000002e     filesystem.obj (.fs_files:filesystem_files)

.text      0    00008200    000045ee     
                  00008200    00000452     rts430x_lc_sd_eabi.lib : frcdivd.obj (.text:__TI_frcdivd)
                  00008652    000002e4                            : frcmpyd.obj (.text:__TI_frcmpyd)
                  00008936    000002d6                            : addd.obj (.text:__mspabi_addd)
                  00008c0c    00000280                            : mpyd.obj (.text:__mspabi_mpyd)
                  00008e8c    00000252                            : frcaddd.obj (.text:__TI_frcaddd)
                  000090de    00000220                            : divd.obj (.text:__mspabi_divd)
                  000092fe    000001ba     d7aoss.lib : dll.obj (.text:rx_callback)
                  000094b8    00000170                : alp.obj (.text:alp_create_structure_for_tx)
                  00009628    0000010e     rts430x_lc_sd_eabi.lib : _printfi_min.obj (.text:_setfield)
                  00009736    000000f8     d7aoss.lib : ucs.obj (.text:privateUCSSourceClockFromDCO)
                  0000982e    000000f4                : fs.obj (.text:fs_send_notification)
                  00009922    000000ee                : ucs.obj (.text:privateUCSComputeCLKFrequency)
                  00009a10    000000e4                : ucs.obj (.text:UCS_initFLL)
                  00009af4    000000e0                : nwl.obj (.text:dll_rx_callback)
                  00009bd4    000000d8     rts430x_lc_sd_eabi.lib : copy_decompress_rle.obj (.text:__TI_decompress_rle_core)
                  00009cac    000000d4     d7aoss.lib : trans.obj (.text:nwl_rx_callback)
                  00009d80    000000d2                : nwl.obj (.text:nwl_build_network_protocol_data)
                  00009e52    000000ca                : dll.obj (.text:dll_create_frame)
                  00009f1c    000000c8                : cc430_phy.obj (.text:phy_rx)
                  00009fe4    000000c4                : fs.obj (.text:fs_check_notification_query)
                  0000a0a8    000000c2                : cc430_phy.obj (.text:set_channel)
                  0000a16a    000000c0     rts430x_lc_sd_eabi.lib : _printfi_min.obj (.text:__TI_printfi_minimal)
                  0000a22a    000000c0     d7aoss.lib : cc430_system.obj (.text:system_check_set_unique_id)
                  0000a2ea    000000bc                : cc430_phy.obj (.text:rx_data_isr)
                  0000a3a6    000000b4                : cc430_uart.obj (.text:uart_init)
                  0000a45a    000000b2     rts430x_lc_sd_eabi.lib : renormd.obj (.text:__TI_renormd)
                  0000a50c    000000b2     d7aoss.lib : dll.obj (.text:dll_rigd_ccp)
                  0000a5be    000000b0     main.obj (.text:rx_callback)
                  0000a66e    000000aa     d7aoss.lib : fs.obj (.text:fs_write_data)
                  0000a718    000000a6                : trans.obj (.text:trans_execute_query)
                  0000a7be    0000009e                : fs.obj (.text:fs_open)
                  0000a85c    00000096                : ucs.obj (.text:UCS_clockSignalInit)
                  0000a8f2    00000094     main.obj (.text:main)
                  0000a986    0000008e     d7aoss.lib : cc430_flash.obj (.text:write_bytes_to_flash)
                  0000aa14    0000008c                : cc430_phy.obj (.text:phy_translate_and_set_settings)
                  0000aaa0    0000008a                : phy.obj (.text:phy_translate_settings)
                  0000ab2a    00000088                : dll.obj (.text:dll_channel_scan_series)
                  0000abb2    00000084     rts430x_lc_sd_eabi.lib : autoinit.obj (.text:_auto_init_hold_wdt)
                  0000ac36    00000080     d7aoss.lib : cc430_system.obj (.text:system_init)
                  0000acb6    00000078                : rf1a.obj (.text:Strobe)
                  0000ad2e    00000076     rts430x_lc_sd_eabi.lib : fltuld.obj (.text:__mspabi_fltuld)
                  0000ada4    00000076     main.obj (.text:start_tx)
                  0000ae1a    00000072     d7aoss.lib : trans.obj (.text:trans_tx_query)
                  0000ae8c    0000006c                : dll.obj (.text:scan_timeout)
                  0000aef8    0000006c                : cc430_phy.obj (.text:set_eirp)
                  0000af64    0000006c                : cc430_phy.obj (.text:set_preamble_size)
                  0000afd0    0000006a                : timer.obj (.text:timer_insert_value_in_queue)
                  0000b03a    00000068     rts430x_lc_sd_eabi.lib : fixdul.obj (.text:__mspabi_fixdul)
                  0000b0a2    00000062     d7aoss.lib : cc430_system.obj (.text:clock_init)
                  0000b104    0000005e                : dll.obj (.text:dll_init)
                  0000b162    0000005c                : queue.obj (.text:queue_insert_value)
                  0000b1be    00000058                : queue.obj (.text:queue_push_u8_array)
                  0000b216    00000058     rts430x_lc_sd_eabi.lib : div32u.obj (.text)
                  0000b26e    00000058     d7aoss.lib : timer.obj (.text:timer_add_event)
                  0000b2c6    00000056                : cc430_phy.obj (.text:phy_tx)
                  0000b31c    00000056                : queue.obj (.text:queue_push_value)
                  0000b372    00000054                : cc430_phy.obj (.text:set_timeout)
                  0000b3c6    00000054     rts430x_lc_sd_eabi.lib : vsnprintf.obj (.text:vsnprintf)
                  0000b41a    00000052     d7aoss.lib : cc430_system.obj (.text:SetVCoreUp)
                  0000b46c    00000052                : cc430_phy.obj (.text:WriteBurstRegFromQueue)
                  0000b4be    00000052     rts430x_lc_sd_eabi.lib : _printfi_min.obj (.text:_ltostr)
                  0000b510    00000050     d7aoss.lib : cc430_system.obj (.text:PMM_SetStdSVSM)
                  0000b560    0000004c                : rf1a.obj (.text:ReadBurstReg)
                  0000b5ac    0000004c     rts430x_lc_sd_eabi.lib : _printfi_min.obj (.text:_pproc_diouxp)
                  0000b5f8    0000004c     d7aoss.lib : dll.obj (.text:dll_csma)
                  0000b644    0000004a                : tlv.obj (.text:TLV_getInfo)
                  0000b68e    0000004a                : timer.obj (.text:timer_completed)
                  0000b6d8    00000046                : rf1a.obj (.text:WriteBurstPATable)
                  0000b71e    00000046                : log.obj (.text:log_print_stack_string)
                  0000b764    00000044                : cc430_phy.obj (.text:phy_tx_data)
                  0000b7a8    00000044                : queue.obj (.text:queue_push_u8)
                  0000b7ec    00000040                : rf1a.obj (.text:WriteBurstReg)
                  0000b82c    00000040     rts430x_lc_sd_eabi.lib : cpy_util.obj (.text:__memcpy_far)
                  0000b86c    00000040                            : _printfi_min.obj (.text:_pproc_str)
                  0000b8ac    00000040     d7aoss.lib : cc430_leds.obj (.text:led_init)
                  0000b8ec    00000040     rts430x_lc_sd_eabi.lib : div32s.obj (.text)
                  0000b92c    0000003e                            : copy_zero_init.obj (.text:decompress:ZI:__TI_zero_init)
                  0000b96a    0000003e     d7aoss.lib : dll.obj (.text:dll_aind_ccp_process)
                  0000b9a8    0000003e                : cc430_phy.obj (.text:end_of_packet_isr)
                  0000b9e6    0000003e     rts430x_lc_sd_eabi.lib : asr32.obj (.text:l_asr_const)
                  0000ba24    0000003e                            : lsl32.obj (.text:l_lsl_const)
                  0000ba62    0000003e                            : lsr32.obj (.text:l_lsr_const)
                  0000baa0    0000003e     d7aoss.lib : cc430_leds.obj (.text:led_off)
                  0000bade    0000003e                : cc430_leds.obj (.text:led_on)
                  0000bb1c    0000003e                : cc430_leds.obj (.text:led_toggle)
                  0000bb5a    0000003e                : queue.obj (.text:shift_queue_left)
                  0000bb98    0000003c     rts430x_lc_sd_eabi.lib : copy_decompress_none.obj (.text:decompress:none:__TI_decompress_none)
                  0000bbd4    0000003c     d7aoss.lib : log.obj (.text:log_print_string)
                  0000bc10    0000003c                : queue.obj (.text:queue_create_header_space)
                  0000bc4c    0000003c                : queue.obj (.text:shift_queue_right)
                  0000bc88    0000003c                : cc430_system.obj (.text:system_lowpower_mode)
                  0000bcc4    0000003a                : queue.obj (.text:check_for_space)
                  0000bcfe    0000003a                : trans.obj (.text:control_tx_callback)
                  0000bd38    0000003a     main.obj (.text:tx_callback)
                  0000bd72    0000003a     d7aoss.lib : cc430_phy.obj (.text:tx_data_isr)
                  0000bdac    00000038                : fs.obj (.text:fs_get_data_pointer)
                  0000bde4    00000038     rts430x_lc_sd_eabi.lib : rand.obj (.text:rand)
                  0000be1c    00000036     d7aoss.lib : rf1a.obj (.text:ReadSingleReg)
                  0000be52    00000036                : ucs.obj (.text:UCS_initFLLSettle)
                  0000be88    00000036                : cc430_phy.obj (.text:phy_get_rssi)
                  0000bebe    00000034                : log.obj (.text:log_dll_rx_res)
                  0000bef2    00000034                : cc430_phy.obj (.text:rxtx_finish_isr)
                  0000bf26    00000032     rts430x_lc_sd_eabi.lib : vsnprintf.obj (.text:_outs)
                  0000bf58    00000032     d7aoss.lib : fs.obj (.text:fs_read_byte)
                  0000bf8a    00000032                : nwl.obj (.text:nwl_rx_start)
                  0000bfbc    00000030                : crc_software.obj (.text:crc_ccitt_update)
                  0000bfec    00000030                : dll.obj (.text:dll_aind_ccp)
                  0000c01c    0000002e     rts430x_lc_sd_eabi.lib : subd.obj (.text:__mspabi_subd)
                  0000c04a    0000002e                            : _printfi_min.obj (.text:_getarg_diouxp)
                  0000c078    0000002e     d7aoss.lib : cc430_phy.obj (.text:_isr:CC1101_ISR)
                  0000c0a6    0000002e                : queue.obj (.text:queue_pop_value)
                  0000c0d4    0000002c                : gpio.obj (.text:GPIO_setAsOutputPin)
                  0000c100    0000002c                : queue.obj (.text:queue_read_value)
                  0000c12c    0000002c     rts430x_lc_sd_eabi.lib : div16s.obj (.text)
                  0000c158    00000028     d7aoss.lib : cc430_system.obj (.text:PMM_SetVCore)
                  0000c180    00000026                : rf1a.obj (.text:WriteSingleReg)
                  0000c1a6    00000026                : log.obj (.text:log_print_data)
                  0000c1cc    00000024                : cc430_system.obj (.text:SetVCoreDown)
                  0000c1f0    00000024                : crc_software.obj (.text:crc_calculate)
                  0000c214    00000024                : dll.obj (.text:dll_initiate_csma_ca)
                  0000c238    00000024                : cc430_phy.obj (.text:phy_init_tx)
                  0000c25c    00000022     rts430x_lc_sd_eabi.lib : memcmp.obj (.text:memcmp)
                  0000c27e    00000022     d7aoss.lib : cc430_phy.obj (.text:phy_init)
                  0000c2a0    00000022                : queue.obj (.text:queue_init_with_header)
                  0000c2c2    00000022     rts430x_lc_sd_eabi.lib : mult32_f5hw.obj (.text)
                  0000c2e4    00000020     d7aoss.lib : gpio.obj (.text:GPIO_setOutputHighOnPin)
                  0000c304    00000020                : gpio.obj (.text:GPIO_setOutputLowOnPin)
                  0000c324    00000020                : gpio.obj (.text:GPIO_toggleOutputOnPin)
                  0000c344    00000020     main.obj (.text:_isr:USCI_A0_ISR)
                  0000c364    00000020     d7aoss.lib : cc430_phy.obj (.text:set_length_infinite)
                  0000c384    00000020                : cc430_phy.obj (.text:set_sync_word)
                  0000c3a4    00000020                : dll.obj (.text:tx_callback)
                  0000c3c4    0000001e     rts430x_lc_sd_eabi.lib : vsnprintf.obj (.text:_outc)
                  0000c3e2    0000001e     d7aoss.lib : dll.obj (.text:dll_tx_frame)
                  0000c400    0000001e     main.obj (.text:load_instruction)
                  0000c41e    0000001e     d7aoss.lib : queue.obj (.text:queue_init)
                  0000c43c    0000001e                : timer.obj (.text:timer_init)
                  0000c45a    0000001e                : cc430_uart.obj (.text:uart_transmit_message)
                  0000c478    0000001c                : dll.obj (.text:dll_cca2)
                  0000c494    0000001c     rts430x_lc_sd_eabi.lib : memccpy.obj (.text:memccpy)
                  0000c4b0    0000001c     d7aoss.lib : cc430_phy.obj (.text:phy_set_tx)
                  0000c4cc    0000001a                : ucs.obj (.text:UCS_getSMCLK)
                  0000c4e6    0000001a     rts430x_lc_sd_eabi.lib : _printfi_min.obj (.text:_div)
                  0000c500    0000001a                            : boot.obj (.text:_isr:_c_int00_noexit)
                  0000c51a    0000001a     d7aoss.lib : cc430_phy.obj (.text:get_radiostate)
                  0000c534    00000016                : dll.obj (.text:check_subnet)
                  0000c54a    00000016                : nwl.obj (.text:nwl_init)
                  0000c560    00000016                : phy.obj (.text:phy_cca)
                  0000c576    00000016     rts430x_lc_sd_eabi.lib : div16u.obj (.text)
                  0000c58c    00000016                            : mult16_f5hw.obj (.text)
                  0000c5a2    00000016     d7aoss.lib : trans.obj (.text:trans_init)
                  0000c5b8    00000014                : fs.obj (.text:fs_close)
                  0000c5cc    00000014     rts430x_lc_sd_eabi.lib : memset.obj (.text:memset)
                  0000c5e0    00000014     d7aoss.lib : cc430_phy.obj (.text:rx_fifo_overflow_isr)
                  0000c5f4    00000014                : cc430_phy.obj (.text:rx_timeout_isr)
                  0000c608    00000014                : cc430_system.obj (.text:system_watchdog_timer_stop)
                  0000c61c    00000014                : cc430_uart.obj (.text:uart_transmit_data)
                  0000c630    00000012                : rf1a.obj (.text:ResetRadioCore)
                  0000c642    00000012     rts430x_lc_sd_eabi.lib : fixdu.obj (.text:__mspabi_fixdu)
                  0000c654    00000012                            : memcpy.obj (.text:memcpy)
                  0000c666    00000012     d7aoss.lib : cc430_system.obj (.text:system_watchdog_timer_reset)
                  0000c678    00000010                : cc430_timer.obj (.text:_isr:Timer_A_CCO)
                  0000c688    00000010                : nwl.obj (.text:dll_tx_callback)
                  0000c698    00000010     rts430x_lc_sd_eabi.lib : asr32.obj (.text:l_asr)
                  0000c6a8    00000010                            : lsl32.obj (.text:l_lsl)
                  0000c6b8    00000010                            : lsr32.obj (.text:l_lsr)
                  0000c6c8    0000000e     d7aoss.lib : rf1a.obj (.text:WriteRfSettings)
                  0000c6d6    0000000e                : d7aoss.obj (.text:d7aoss_init)
                  0000c6e4    0000000e     rts430x_lc_sd_eabi.lib : copy_decompress_rle.obj (.text:decompress:rle24:__TI_decompress_rle24)
                  0000c6f2    0000000e     d7aoss.lib : cc430_timer.obj (.text:hal_timer_init)
                  0000c700    0000000e                : queue.obj (.text:queue_clear)
                  0000c70e    0000000e     main.obj (.text:send_instr)
                  0000c71c    0000000e     rts430x_lc_sd_eabi.lib : strlen.obj (.text:strlen)
                  0000c72a    0000000c     d7aoss.lib : cc430_phy.obj (.text:calculate_rssi)
                  0000c736    0000000c                : cc430_phy.obj (.text:phy_idle)
                  0000c742    0000000a                : cc430_system.obj (.text:_system_pre_init)
                  0000c74c    0000000a     rts430x_lc_sd_eabi.lib : lsl16.obj (.text)
                  0000c756    0000000a     d7aoss.lib : dll.obj (.text:scan_next)
                  0000c760    00000008                : dll.obj (.text:final_rigd)
                  0000c768    00000008                : cc430_timer.obj (.text:hal_timer_disable_interrupt)
                  0000c770    00000008                : cc430_timer.obj (.text:hal_timer_enable_interrupt)
                  0000c778    00000008                : dll.obj (.text:t_ca_timeout_rigd)
                  0000c780    00000008                : trans.obj (.text:trans_rx_query_start)
                  0000c788    00000008                : cc430_uart.obj (.text:uart_tx_ready)
                  0000c790    00000006     rts430x_lc_sd_eabi.lib : isr_trap.obj (.text:__TI_ISR_TRAP)
                  0000c796    00000006                            : fltud.obj (.text:__mspabi_fltud)
                  0000c79c    00000006     d7aoss.lib : dll.obj (.text:dll_set_initial_t_ca)
                  0000c7a2    00000006                : dll.obj (.text:dll_set_rx_callback)
                  0000c7a8    00000006                : dll.obj (.text:dll_set_tx_callback)
                  0000c7ae    00000006                : cc430_timer.obj (.text:hal_timer_getvalue)
                  0000c7b4    00000006                : cc430_timer.obj (.text:hal_timer_setvalue)
                  0000c7ba    00000006                : nwl.obj (.text:nwl_set_rx_callback)
                  0000c7c0    00000006                : nwl.obj (.text:nwl_set_tx_callback)
                  0000c7c6    00000006                : phy.obj (.text:phy_set_rx_callback)
                  0000c7cc    00000006                : phy.obj (.text:phy_set_tx_callback)
                  0000c7d2    00000006                : trans.obj (.text:trans_set_alp_rx_callback)
                  0000c7d8    00000006                : trans.obj (.text:trans_set_tx_callback)
                  0000c7de    00000006                : cc430_uart.obj (.text:uart_enable_interrupt)
                  0000c7e4    00000004     rts430x_lc_sd_eabi.lib : exit.obj (.text:abort)
                  0000c7e8    00000002                            : _lock.obj (.text:_nop)
                  0000c7ea    00000002     d7aoss.lib : fs.obj (.text:fs_init)
                  0000c7ec    00000002                : cc430_phy.obj (.text:no_interrupt_isr)

.const     0    0000c7ee    000002d8     
                  0000c7ee    00000198     d7aoss.lib : dll.obj (.const:.string)
                  0000c986    00000092     main.obj (.const:.string)
                  0000ca18    00000066     d7aoss.lib : trans.obj (.const:.string)
                  0000ca7e    0000002e                : cc430_phy.obj (.const:.string:eirp_values)
                  0000caac    00000014     rts430x_lc_sd_eabi.lib : _printfi_min.obj (.const:.string)
                  0000cac0    00000004     d7aoss.lib : cc430_system.obj (.const)
                  0000cac4    00000001                : dll.obj (.const)
                  0000cac5    00000001     filesystem.obj (.const)

.cinit     0    0000cac6    00000100     
                  0000cac6    000000dd     (.cinit..data.load) [load image, compression = rle]
                  0000cba3    00000001     --HOLE-- [fill = 0]
                  0000cba4    0000000c     (__TI_handler_table)
                  0000cbb0    00000006     (.cinit..bss.load) [load image, compression = zero_init]
                  0000cbb6    00000010     (__TI_cinit_table)

AES        0    0000ffda    00000002     
                  0000ffda    00000002     rts430x_lc_sd_eabi.lib : int45.obj (.int45)

RTC        0    0000ffdc    00000002     
                  0000ffdc    00000002     rts430x_lc_sd_eabi.lib : int46.obj (.int46)

PORT2      0    0000ffe0    00000002     
                  0000ffe0    00000002     rts430x_lc_sd_eabi.lib : int48.obj (.int48)

PORT1      0    0000ffe2    00000002     
                  0000ffe2    00000002     rts430x_lc_sd_eabi.lib : int49.obj (.int49)

TIMER1_A1 
*          0    0000ffe4    00000002     
                  0000ffe4    00000002     rts430x_lc_sd_eabi.lib : int50.obj (.int50)

TIMER1_A0 
*          0    0000ffe6    00000002     
                  0000ffe6    00000002     d7aoss.lib : cc430_timer.obj (.int51)

DMA        0    0000ffe8    00000002     
                  0000ffe8    00000002     rts430x_lc_sd_eabi.lib : int52.obj (.int52)

CC1101     0    0000ffea    00000002     
                  0000ffea    00000002     d7aoss.lib : cc430_phy.obj (.int53)

TIMER0_A1 
*          0    0000ffec    00000002     
                  0000ffec    00000002     rts430x_lc_sd_eabi.lib : int54.obj (.int54)

TIMER0_A0 
*          0    0000ffee    00000002     
                  0000ffee    00000002     rts430x_lc_sd_eabi.lib : int55.obj (.int55)

ADC12      0    0000fff0    00000002     
                  0000fff0    00000002     rts430x_lc_sd_eabi.lib : int56.obj (.int56)

USCI_B0    0    0000fff2    00000002     
                  0000fff2    00000002     rts430x_lc_sd_eabi.lib : int57.obj (.int57)

USCI_A0    0    0000fff4    00000002     
                  0000fff4    00000002     main.obj (.int58)

WDT        0    0000fff6    00000002     
                  0000fff6    00000002     rts430x_lc_sd_eabi.lib : int59.obj (.int59)

COMP_B     0    0000fff8    00000002     
                  0000fff8    00000002     rts430x_lc_sd_eabi.lib : int60.obj (.int60)

UNMI       0    0000fffa    00000002     
                  0000fffa    00000002     rts430x_lc_sd_eabi.lib : int61.obj (.int61)

SYSNMI     0    0000fffc    00000002     
                  0000fffc    00000002     rts430x_lc_sd_eabi.lib : int62.obj (.int62)

.reset     0    0000fffe    00000002     
                  0000fffe    00000002     rts430x_lc_sd_eabi.lib : boot.obj (.reset)


LINKER GENERATED COPY TABLES

__TI_cinit_table @ 0000cbb6 records: 2, size/record: 8, table size: 16
	.data: load addr=0000cac6, load size=000000dd bytes, run addr=00001dd6, run size=000000f0 bytes, compression=rle
	.bss: load addr=0000cbb0, load size=00000006 bytes, run addr=00001c00, run size=000001d6 bytes, compression=zero_init


LINKER GENERATED HANDLER TABLE

__TI_handler_table @ 0000cba4 records: 3, size/record: 4, table size: 12
	index: 0, handler: __TI_zero_init
	index: 1, handler: __TI_decompress_rle24
	index: 2, handler: __TI_decompress_none


GLOBAL SYMBOLS: SORTED ALPHABETICALLY BY Name 

address    name
--------   ----
00000700   ADC12CTL0
00000701   ADC12CTL0_H
00000700   ADC12CTL0_L
00000702   ADC12CTL1
00000703   ADC12CTL1_H
00000702   ADC12CTL1_L
00000704   ADC12CTL2
00000705   ADC12CTL2_H
00000704   ADC12CTL2_L
0000070c   ADC12IE
0000070d   ADC12IE_H
0000070c   ADC12IE_L
0000070a   ADC12IFG
0000070b   ADC12IFG_H
0000070a   ADC12IFG_L
0000070e   ADC12IV
0000070f   ADC12IV_H
0000070e   ADC12IV_L
00000710   ADC12MCTL0
00000711   ADC12MCTL1
0000071a   ADC12MCTL10
0000071b   ADC12MCTL11
0000071c   ADC12MCTL12
0000071d   ADC12MCTL13
0000071e   ADC12MCTL14
0000071f   ADC12MCTL15
00000712   ADC12MCTL2
00000713   ADC12MCTL3
00000714   ADC12MCTL4
00000715   ADC12MCTL5
00000716   ADC12MCTL6
00000717   ADC12MCTL7
00000718   ADC12MCTL8
00000719   ADC12MCTL9
00000720   ADC12MEM0
00000721   ADC12MEM0_H
00000720   ADC12MEM0_L
00000722   ADC12MEM1
00000734   ADC12MEM10
00000735   ADC12MEM10_H
00000734   ADC12MEM10_L
00000736   ADC12MEM11
00000737   ADC12MEM11_H
00000736   ADC12MEM11_L
00000738   ADC12MEM12
00000739   ADC12MEM12_H
00000738   ADC12MEM12_L
0000073a   ADC12MEM13
0000073b   ADC12MEM13_H
0000073a   ADC12MEM13_L
0000073c   ADC12MEM14
0000073d   ADC12MEM14_H
0000073c   ADC12MEM14_L
0000073e   ADC12MEM15
0000073f   ADC12MEM15_H
0000073e   ADC12MEM15_L
00000723   ADC12MEM1_H
00000722   ADC12MEM1_L
00000724   ADC12MEM2
00000725   ADC12MEM2_H
00000724   ADC12MEM2_L
00000726   ADC12MEM3
00000727   ADC12MEM3_H
00000726   ADC12MEM3_L
00000728   ADC12MEM4
00000729   ADC12MEM4_H
00000728   ADC12MEM4_L
0000072a   ADC12MEM5
0000072b   ADC12MEM5_H
0000072a   ADC12MEM5_L
0000072c   ADC12MEM6
0000072d   ADC12MEM6_H
0000072c   ADC12MEM6_L
0000072e   ADC12MEM7
0000072f   ADC12MEM7_H
0000072e   ADC12MEM7_L
00000730   ADC12MEM8
00000731   ADC12MEM8_H
00000730   ADC12MEM8_L
00000732   ADC12MEM9
00000733   ADC12MEM9_H
00000732   ADC12MEM9_L
000009c0   AESACTL0
000009c1   AESACTL0_H
000009c0   AESACTL0_L
000009c8   AESADIN
000009c9   AESADIN_H
000009c8   AESADIN_L
000009ca   AESADOUT
000009cb   AESADOUT_H
000009ca   AESADOUT_L
000009c6   AESAKEY
000009c7   AESAKEY_H
000009c6   AESAKEY_L
000009c4   AESASTAT
000009c5   AESASTAT_H
000009c4   AESASTAT_L
0000c7e4   C$$EXIT
000008c0   CBCTL0
000008c1   CBCTL0_H
000008c0   CBCTL0_L
000008c2   CBCTL1
000008c3   CBCTL1_H
000008c2   CBCTL1_L
000008c4   CBCTL2
000008c5   CBCTL2_H
000008c4   CBCTL2_L
000008c6   CBCTL3
000008c7   CBCTL3_H
000008c6   CBCTL3_L
000008cc   CBINT
000008cd   CBINT_H
000008cc   CBINT_L
000008ce   CBIV
0000c078   CC1101_ISR
00000150   CRCDI
00000151   CRCDI_H
00000150   CRCDI_L
00000154   CRCINIRES
00000155   CRCINIRES_H
00000154   CRCINIRES_L
00000510   DMA0CTL
00000511   DMA0CTL_H
00000510   DMA0CTL_L
00000516   DMA0DA
00000516   DMA0DAL
00000512   DMA0SA
00000512   DMA0SAL
0000051a   DMA0SZ
00000520   DMA1CTL
00000521   DMA1CTL_H
00000520   DMA1CTL_L
00000526   DMA1DA
00000526   DMA1DAL
00000522   DMA1SA
00000522   DMA1SAL
0000052a   DMA1SZ
00000530   DMA2CTL
00000531   DMA2CTL_H
00000530   DMA2CTL_L
00000536   DMA2DA
00000536   DMA2DAL
00000532   DMA2SA
00000532   DMA2SAL
0000053a   DMA2SZ
00000500   DMACTL0
00000501   DMACTL0_H
00000500   DMACTL0_L
00000502   DMACTL1
00000503   DMACTL1_H
00000502   DMACTL1_L
00000504   DMACTL2
00000505   DMACTL2_H
00000504   DMACTL2_L
00000506   DMACTL3
00000507   DMACTL3_H
00000506   DMACTL3_L
00000508   DMACTL4
00000509   DMACTL4_H
00000508   DMACTL4_L
0000050e   DMAIV
0000050f   DMAIV_H
0000050e   DMAIV_L
00000140   FCTL1
00000141   FCTL1_H
00000140   FCTL1_L
00000144   FCTL3
00000145   FCTL3_H
00000144   FCTL3_L
00000146   FCTL4
00000147   FCTL4_H
00000146   FCTL4_L
0000c0d4   GPIO_setAsOutputPin
0000c2e4   GPIO_setOutputHighOnPin
0000c304   GPIO_setOutputLowOnPin
0000c324   GPIO_toggleOutputOnPin
000004c4   MAC
000004da   MAC32H
000004db   MAC32H_H
000004da   MAC32H_L
000004d8   MAC32L
000004d9   MAC32L_H
000004d8   MAC32L_L
000004c6   MACS
000004de   MACS32H
000004df   MACS32H_H
000004de   MACS32H_L
000004dc   MACS32L
000004dd   MACS32L_H
000004dc   MACS32L_L
000004c7   MACS_H
000004c6   MACS_L
000004c5   MAC_H
000004c4   MAC_L
000004c0   MPY
000004ec   MPY32CTL0
000004ed   MPY32CTL0_H
000004ec   MPY32CTL0_L
000004d2   MPY32H
000004d3   MPY32H_H
000004d2   MPY32H_L
000004d0   MPY32L
000004d1   MPY32L_H
000004d0   MPY32L_L
000004c2   MPYS
000004d6   MPYS32H
000004d7   MPYS32H_H
000004d6   MPYS32H_L
000004d4   MPYS32L
000004d5   MPYS32L_H
000004d4   MPYS32L_L
000004c3   MPYS_H
000004c2   MPYS_L
000004c1   MPY_H
000004c0   MPY_L
000004c8   OP2
000004e2   OP2H
000004e3   OP2H_H
000004e2   OP2H_L
000004e0   OP2L
000004e1   OP2L_H
000004e0   OP2L_L
000004c9   OP2_H
000004c8   OP2_L
0000020e   P1IV
000001c8   P1MAP01
000001c9   P1MAP01_H
000001c8   P1MAP01_L
000001ca   P1MAP23
000001cb   P1MAP23_H
000001ca   P1MAP23_L
000001cc   P1MAP45
000001cd   P1MAP45_H
000001cc   P1MAP45_L
000001ce   P1MAP67
000001cf   P1MAP67_H
000001ce   P1MAP67_L
0000021e   P2IV
000001d0   P2MAP01
000001d1   P2MAP01_H
000001d0   P2MAP01_L
000001d2   P2MAP23
000001d3   P2MAP23_H
000001d2   P2MAP23_L
000001d4   P2MAP45
000001d5   P2MAP45_H
000001d4   P2MAP45_L
000001d6   P2MAP67
000001d7   P2MAP67_H
000001d6   P2MAP67_L
000001d8   P3MAP01
000001d9   P3MAP01_H
000001d8   P3MAP01_L
000001da   P3MAP23
000001db   P3MAP23_H
000001da   P3MAP23_L
000001dc   P3MAP45
000001dd   P3MAP45_H
000001dc   P3MAP45_L
000001de   P3MAP67
000001df   P3MAP67_H
000001de   P3MAP67_L
00000204   PADIR
00000205   PADIR_H
00000204   PADIR_L
00000208   PADS
00000209   PADS_H
00000208   PADS_L
0000021a   PAIE
00000218   PAIES
00000219   PAIES_H
00000218   PAIES_L
0000021b   PAIE_H
0000021a   PAIE_L
0000021c   PAIFG
0000021d   PAIFG_H
0000021c   PAIFG_L
00000200   PAIN
00000201   PAIN_H
00000200   PAIN_L
00000202   PAOUT
00000203   PAOUT_H
00000202   PAOUT_L
00000206   PAREN
00000207   PAREN_H
00000206   PAREN_L
0000020a   PASEL
0000020b   PASEL_H
0000020a   PASEL_L
00000224   PBDIR
00000225   PBDIR_H
00000224   PBDIR_L
00000228   PBDS
00000229   PBDS_H
00000228   PBDS_L
00000220   PBIN
00000221   PBIN_H
00000220   PBIN_L
00000222   PBOUT
00000223   PBOUT_H
00000222   PBOUT_L
00000226   PBREN
00000227   PBREN_H
00000226   PBREN_L
0000022a   PBSEL
0000022b   PBSEL_H
0000022a   PBSEL_L
00000244   PCDIR
00000245   PCDIR_H
00000244   PCDIR_L
00000248   PCDS
00000249   PCDS_H
00000248   PCDS_L
00000240   PCIN
00000241   PCIN_H
00000240   PCIN_L
00000242   PCOUT
00000243   PCOUT_H
00000242   PCOUT_L
00000246   PCREN
00000247   PCREN_H
00000246   PCREN_L
0000024a   PCSEL
0000024b   PCSEL_H
0000024a   PCSEL_L
00000324   PJDIR
00000325   PJDIR_H
00000324   PJDIR_L
00000328   PJDS
00000329   PJDS_H
00000328   PJDS_L
00000320   PJIN
00000321   PJIN_H
00000320   PJIN_L
00000322   PJOUT
00000323   PJOUT_H
00000322   PJOUT_L
00000326   PJREN
00000327   PJREN_H
00000326   PJREN_L
000001c2   PMAPCTL
000001c3   PMAPCTL_H
000001c2   PMAPCTL_L
000001c0   PMAPKEYID
000001c1   PMAPKEYID_H
000001c0   PMAPKEYID_L
00000120   PMMCTL0
00000121   PMMCTL0_H
00000120   PMMCTL0_L
00000122   PMMCTL1
00000123   PMMCTL1_H
00000122   PMMCTL1_L
0000012c   PMMIFG
0000012d   PMMIFG_H
0000012c   PMMIFG_L
0000012e   PMMRIE
0000012f   PMMRIE_H
0000012e   PMMRIE_L
0000b510   PMM_SetStdSVSM
0000c158   PMM_SetVCore
00000158   RCCTL0
00000159   RCCTL0_H
00000158   RCCTL0_L
000001b0   REFCTL0
000001b1   REFCTL0_H
000001b0   REFCTL0_L
000004e4   RES0
000004e5   RES0_H
000004e4   RES0_L
000004e6   RES1
000004e7   RES1_H
000004e6   RES1_L
000004e8   RES2
000004e9   RES2_H
000004e8   RES2_L
000004ea   RES3
000004eb   RES3_H
000004ea   RES3_L
000004cc   RESHI
000004cd   RESHI_H
000004cc   RESHI_L
000004ca   RESLO
000004cb   RESLO_H
000004ca   RESLO_L
00000f16   RF1ADINW
00000f17   RF1ADINW_H
00000f16   RF1ADINW_L
00000f28   RF1ADOUT0W
00000f29   RF1ADOUT0W_H
00000f28   RF1ADOUT0W_L
00000f2a   RF1ADOUT1W
00000f2b   RF1ADOUT1W_H
00000f2a   RF1ADOUT1W_L
00000f2c   RF1ADOUT2W
00000f2d   RF1ADOUT2W_H
00000f2c   RF1ADOUT2W_L
00000f36   RF1AIE
00000f34   RF1AIES
00000f35   RF1AIES_H
00000f34   RF1AIES_L
00000f37   RF1AIE_H
00000f36   RF1AIE_L
00000f00   RF1AIFCTL0
00000f01   RF1AIFCTL0_H
00000f00   RF1AIFCTL0_L
00000f02   RF1AIFCTL1
00000f03   RF1AIFCTL1_H
00000f02   RF1AIFCTL1_L
00000f04   RF1AIFCTL2
00000f05   RF1AIFCTL2_H
00000f04   RF1AIFCTL2_L
00000f06   RF1AIFERR
00000f0c   RF1AIFERRV
00000f0d   RF1AIFERRV_H
00000f0c   RF1AIFERRV_L
00000f07   RF1AIFERR_H
00000f06   RF1AIFERR_L
00000f32   RF1AIFG
00000f33   RF1AIFG_H
00000f32   RF1AIFG_L
00000f0e   RF1AIFIV
00000f0f   RF1AIFIV_H
00000f0e   RF1AIFIV_L
00000f30   RF1AIN
00000f12   RF1AINSTR1W
00000f13   RF1AINSTR1W_H
00000f12   RF1AINSTR1W_L
00000f14   RF1AINSTR2W
00000f15   RF1AINSTR2W_H
00000f14   RF1AINSTR2W_L
00000f10   RF1AINSTRW
00000f11   RF1AINSTRW_H
00000f10   RF1AINSTRW_L
00000f31   RF1AIN_H
00000f30   RF1AIN_L
00000f38   RF1AIV
00000f39   RF1AIV_H
00000f38   RF1AIV_L
00000f3c   RF1ARXFIFO
00000f3d   RF1ARXFIFO_H
00000f3c   RF1ARXFIFO_L
00000f20   RF1ASTAT0W
00000f21   RF1ASTAT0W_H
00000f20   RF1ASTAT0W_L
00000f22   RF1ASTAT1W
00000f23   RF1ASTAT1W_H
00000f22   RF1ASTAT1W_L
00000f24   RF1ASTAT2W
00000f25   RF1ASTAT2W_H
00000f24   RF1ASTAT2W_L
00000f3e   RF1ATXFIFO
00000f3f   RF1ATXFIFO_H
00000f3e   RF1ATXFIFO_L
000004ba   RTCADOWDAY
000004bb   RTCADOWDAY_H
000004ba   RTCADOWDAY_L
000004b8   RTCAMINHR
000004b9   RTCAMINHR_H
000004b8   RTCAMINHR_L
000004a0   RTCCTL01
000004a1   RTCCTL01_H
000004a0   RTCCTL01_L
000004a2   RTCCTL23
000004a3   RTCCTL23_H
000004a2   RTCCTL23_L
000004b4   RTCDATE
000004b5   RTCDATE_H
000004b4   RTCDATE_L
000004ae   RTCIV
000004ac   RTCPS
000004a8   RTCPS0CTL
000004a9   RTCPS0CTL_H
000004a8   RTCPS0CTL_L
000004aa   RTCPS1CTL
000004ab   RTCPS1CTL_H
000004aa   RTCPS1CTL_L
000004ad   RTCPS_H
000004ac   RTCPS_L
000004b0   RTCTIM0
000004b1   RTCTIM0_H
000004b0   RTCTIM0_L
000004b2   RTCTIM1
000004b3   RTCTIM1_H
000004b2   RTCTIM1_L
000004b6   RTCYEAR
000004b7   RTCYEAR_H
000004b6   RTCYEAR_L
0000b560   ReadBurstReg
0000be1c   ReadSingleReg
0000c630   ResetRadioCore
00000100   SFRIE1
00000101   SFRIE1_H
00000100   SFRIE1_L
00000102   SFRIFG1
00000103   SFRIFG1_H
00000102   SFRIFG1_L
00000104   SFRRPCR
00000105   SFRRPCR_H
00000104   SFRRPCR_L
000004ce   SUMEXT
000004cf   SUMEXT_H
000004ce   SUMEXT_L
00000124   SVSMHCTL
00000125   SVSMHCTL_H
00000124   SVSMHCTL_L
00000128   SVSMIO
00000129   SVSMIO_H
00000128   SVSMIO_L
00000126   SVSMLCTL
00000127   SVSMLCTL_H
00000126   SVSMLCTL_L
00000198   SYSBERRIV
00000199   SYSBERRIV_H
00000198   SYSBERRIV_L
00000182   SYSBSLC
00000183   SYSBSLC_H
00000182   SYSBSLC_L
00000180   SYSCTL
00000181   SYSCTL_H
00000180   SYSCTL_L
00000186   SYSJMBC
00000187   SYSJMBC_H
00000186   SYSJMBC_L
00000188   SYSJMBI0
00000189   SYSJMBI0_H
00000188   SYSJMBI0_L
0000018a   SYSJMBI1
0000018b   SYSJMBI1_H
0000018a   SYSJMBI1_L
0000018c   SYSJMBO0
0000018d   SYSJMBO0_H
0000018c   SYSJMBO0_L
0000018e   SYSJMBO1
0000018f   SYSJMBO1_H
0000018e   SYSJMBO1_L
0000019e   SYSRSTIV
0000019f   SYSRSTIV_H
0000019e   SYSRSTIV_L
0000019c   SYSSNIV
0000019d   SYSSNIV_H
0000019c   SYSSNIV_L
0000019a   SYSUNIV
0000019b   SYSUNIV_H
0000019a   SYSUNIV_L
0000c1cc   SetVCoreDown
0000b41a   SetVCoreUp
0000acb6   Strobe
00000352   TA0CCR0
00000354   TA0CCR1
00000356   TA0CCR2
00000358   TA0CCR3
0000035a   TA0CCR4
00000342   TA0CCTL0
00000344   TA0CCTL1
00000346   TA0CCTL2
00000348   TA0CCTL3
0000034a   TA0CCTL4
00000340   TA0CTL
00000360   TA0EX0
0000036e   TA0IV
00000350   TA0R
00000392   TA1CCR0
00000394   TA1CCR1
00000396   TA1CCR2
00000382   TA1CCTL0
00000384   TA1CCTL1
00000386   TA1CCTL2
00000380   TA1CTL
000003a0   TA1EX0
000003ae   TA1IV
00000390   TA1R
0000b644   TLV_getInfo
0000c678   Timer_A_CCO
000005d0   UCA0ABCTL
000005c6   UCA0BRW
000005c7   UCA0BRW_H
000005c6   UCA0BRW_L
000005c0   UCA0CTLW0
000005c1   UCA0CTLW0_H
000005c0   UCA0CTLW0_L
000005dc   UCA0ICTL
000005dd   UCA0ICTL_H
000005dc   UCA0ICTL_L
000005d2   UCA0IRCTL
000005d3   UCA0IRCTL_H
000005d2   UCA0IRCTL_L
000005de   UCA0IV
000005c8   UCA0MCTL
000005cc   UCA0RXBUF
000005ca   UCA0STAT
000005ce   UCA0TXBUF
000005e6   UCB0BRW
000005e7   UCB0BRW_H
000005e6   UCB0BRW_L
000005e0   UCB0CTLW0
000005e1   UCB0CTLW0_H
000005e0   UCB0CTLW0_L
000005f0   UCB0I2COA
000005f1   UCB0I2COA_H
000005f0   UCB0I2COA_L
000005f2   UCB0I2CSA
000005f3   UCB0I2CSA_H
000005f2   UCB0I2CSA_L
000005fc   UCB0ICTL
000005fd   UCB0ICTL_H
000005fc   UCB0ICTL_L
000005fe   UCB0IV
000005ec   UCB0RXBUF
000005ea   UCB0STAT
000005ee   UCB0TXBUF
00000160   UCSCTL0
00000161   UCSCTL0_H
00000160   UCSCTL0_L
00000162   UCSCTL1
00000163   UCSCTL1_H
00000162   UCSCTL1_L
00000164   UCSCTL2
00000165   UCSCTL2_H
00000164   UCSCTL2_L
00000166   UCSCTL3
00000167   UCSCTL3_H
00000166   UCSCTL3_L
00000168   UCSCTL4
00000169   UCSCTL4_H
00000168   UCSCTL4_L
0000016a   UCSCTL5
0000016b   UCSCTL5_H
0000016a   UCSCTL5_L
0000016c   UCSCTL6
0000016d   UCSCTL6_H
0000016c   UCSCTL6_L
0000016e   UCSCTL7
0000016f   UCSCTL7_H
0000016e   UCSCTL7_L
00000170   UCSCTL8
00000171   UCSCTL8_H
00000170   UCSCTL8_L
00001e9e   UCS_XT1ClockFrequency
00001ea2   UCS_XT2ClockFrequency
0000a85c   UCS_clockSignalInit
0000c4cc   UCS_getSMCLK
00009a10   UCS_initFLL
0000be52   UCS_initFLLSettle
0000c344   USCI_A0_ISR
0000015c   WDTCTL
0000015d   WDTCTL_H
0000015c   WDTCTL_L
0000b6d8   WriteBurstPATable
0000b7ec   WriteBurstReg
0000b46c   WriteBurstRegFromQueue
0000c6c8   WriteRfSettings
0000c180   WriteSingleReg
00002bfc   __STACK_END
00000050   __STACK_SIZE
0000cbb6   __TI_CINIT_Base
0000cbc6   __TI_CINIT_Limit
0000cba4   __TI_Handler_Table_Base
0000cbb0   __TI_Handler_Table_Limit
UNDEFED    __TI_INITARRAY_Base
UNDEFED    __TI_INITARRAY_Limit
0000c790   __TI_ISR_TRAP
00000001   __TI_args_main
0000bb98   __TI_decompress_none
0000c6e4   __TI_decompress_rle24
00000001   __TI_exit
00008e8c   __TI_frcaddd
00008200   __TI_frcdivd
00008652   __TI_frcmpyd
0000ffda   __TI_int45
0000ffdc   __TI_int46
0000ffe0   __TI_int48
0000ffe2   __TI_int49
0000ffe4   __TI_int50
0000ffe6   __TI_int51
0000ffe8   __TI_int52
0000ffea   __TI_int53
0000ffec   __TI_int54
0000ffee   __TI_int55
0000fff0   __TI_int56
0000fff2   __TI_int57
0000fff4   __TI_int58
0000fff6   __TI_int59
0000fff8   __TI_int60
0000fffa   __TI_int61
0000fffc   __TI_int62
0000a16a   __TI_printfi_minimal
0000a45a   __TI_renormd
0000b92c   __TI_zero_init
ffffffff   __binit__
ffffffff   __c_args__
0000b82c   __memcpy_far
00008936   __mspabi_addd
000090de   __mspabi_divd
0000c12c   __mspabi_divi
0000b8ec   __mspabi_divli
0000c576   __mspabi_divu
0000b216   __mspabi_divul
0000c642   __mspabi_fixdu
0000b03a   __mspabi_fixdul
0000c796   __mspabi_fltud
0000ad2e   __mspabi_fltuld
00008c0c   __mspabi_mpyd
0000c58c   __mspabi_mpyi_f5hw
0000c2c2   __mspabi_mpyl_f5hw
0000c12c   __mspabi_remi
0000b8ec   __mspabi_remli
0000c576   __mspabi_remu
0000b216   __mspabi_remul
0000c74c   __mspabi_slli
0000c6a8   __mspabi_slll
0000ba5c   __mspabi_slll_1
0000ba38   __mspabi_slll_10
0000ba34   __mspabi_slll_11
0000ba30   __mspabi_slll_12
0000ba2c   __mspabi_slll_13
0000ba28   __mspabi_slll_14
0000ba24   __mspabi_slll_15
0000ba58   __mspabi_slll_2
0000ba54   __mspabi_slll_3
0000ba50   __mspabi_slll_4
0000ba4c   __mspabi_slll_5
0000ba48   __mspabi_slll_6
0000ba44   __mspabi_slll_7
0000ba40   __mspabi_slll_8
0000ba3c   __mspabi_slll_9
0000c698   __mspabi_sral
0000ba1e   __mspabi_sral_1
0000b9fa   __mspabi_sral_10
0000b9f6   __mspabi_sral_11
0000b9f2   __mspabi_sral_12
0000b9ee   __mspabi_sral_13
0000b9ea   __mspabi_sral_14
0000b9e6   __mspabi_sral_15
0000ba1a   __mspabi_sral_2
0000ba16   __mspabi_sral_3
0000ba12   __mspabi_sral_4
0000ba0e   __mspabi_sral_5
0000ba0a   __mspabi_sral_6
0000ba06   __mspabi_sral_7
0000ba02   __mspabi_sral_8
0000b9fe   __mspabi_sral_9
0000c6b8   __mspabi_srll
0000ba9a   __mspabi_srll_1
0000ba76   __mspabi_srll_10
0000ba72   __mspabi_srll_11
0000ba6e   __mspabi_srll_12
0000ba6a   __mspabi_srll_13
0000ba66   __mspabi_srll_14
0000ba62   __mspabi_srll_15
0000ba96   __mspabi_srll_2
0000ba92   __mspabi_srll_3
0000ba8e   __mspabi_srll_4
0000ba8a   __mspabi_srll_5
0000ba86   __mspabi_srll_6
0000ba82   __mspabi_srll_7
0000ba7e   __mspabi_srll_8
0000ba7a   __mspabi_srll_9
0000c01c   __mspabi_subd
0000abb2   _auto_init_hold_wdt
0000c500   _c_int00
0000c500   _c_int00_noexit
00001eae   _lock
0000c7e8   _nop
0000fffe   _reset_vector
00002bac   _stack
0000c742   _system_pre_init
00001eb2   _unlock
0000c7e4   abort
000094b8   alp_create_structure_for_tx
ffffffff   binit
00001c00   buffer
0000c72a   calculate_rssi
0000b0a2   clock_init
00001d92   clock_speed
0000c1f0   crc_calculate
0000bfbc   crc_ccitt_update
00001dbe   current_phy_cfg
0000c6d6   d7aoss_init
00001dc0   destination_subnet
00001dc2   device_id
00001dc4   device_subnet
0000bfec   dll_aind_ccp
0000ab2a   dll_channel_scan_series
00009e52   dll_create_frame
0000b5f8   dll_csma
0000b104   dll_init
0000c214   dll_initiate_csma_ca
0000a50c   dll_rigd_ccp
0000c79c   dll_set_initial_t_ca
0000c7a2   dll_set_rx_callback
0000c7a8   dll_set_tx_callback
00001dc6   dll_state
0000c3e2   dll_tx_frame
0000b9a8   end_of_packet_isr
00008100   filesystem_files
00008040   filesystem_info_bitmap
00008000   filesystem_info_headers
0000cac5   filesystem_info_nr_files
00001d5c   frame
00001e92   frame_tx_cfg
0000c5b8   fs_close
0000bdac   fs_get_data_pointer
0000c7ea   fs_init
0000a7be   fs_open
0000bf58   fs_read_byte
0000a66e   fs_write_data
0000c51a   get_radiostate
0000c768   hal_timer_disable_interrupt
0000c770   hal_timer_enable_interrupt
0000c7ae   hal_timer_getvalue
0000c6f2   hal_timer_init
0000c7b4   hal_timer_setvalue
00001ebe   init_IO
00001dd6   interrupt_table
0000b8ac   led_init
0000baa0   led_off
0000bade   led_on
0000bb1c   led_toggle
0000c400   load_instruction
0000bebe   log_dll_rx_res
0000c1a6   log_print_data
0000b71e   log_print_stack_string
0000bbd4   log_print_string
0000a8f2   main
0000c494   memccpy
0000c25c   memcmp
0000c654   memcpy
0000c5cc   memset
0000c7ec   no_interrupt_isr
00009d80   nwl_build_network_protocol_data
0000c54a   nwl_init
0000bf8a   nwl_rx_start
0000c7ba   nwl_set_rx_callback
0000c7c0   nwl_set_tx_callback
0000c560   phy_cca
0000be88   phy_get_rssi
0000c736   phy_idle
0000c27e   phy_init
0000c238   phy_init_tx
00009f1c   phy_rx
00001e9a   phy_rx_callback
0000c7c6   phy_set_rx_callback
0000c4b0   phy_set_tx
0000c7cc   phy_set_tx_callback
0000aa14   phy_translate_and_set_settings
0000aaa0   phy_translate_settings
0000b2c6   phy_tx
00001e96   phy_tx_callback
0000b764   phy_tx_data
00009922   privateUCSComputeCLKFrequency
00009736   privateUCSSourceClockFromDCO
0000c700   queue_clear
0000bc10   queue_create_header_space
0000c41e   queue_init
0000c2a0   queue_init_with_header
0000b162   queue_insert_value
0000c0a6   queue_pop_value
0000b7a8   queue_push_u8
0000b1be   queue_push_u8_array
0000b31c   queue_push_value
0000c100   queue_read_value
0000bde4   rand
00001d88   res
00001e5e   rfSettings
0000a5be   rx_callback
0000a2ea   rx_data_isr
0000c5e0   rx_fifo_overflow_isr
00001d44   rx_queue
0000c5f4   rx_timeout_isr
0000bef2   rxtx_finish_isr
00001e90   scan_minimum_energy
0000c70e   send_instr
0000a0a8   set_channel
0000aef8   set_eirp
0000c364   set_length_infinite
0000af64   set_preamble_size
0000c384   set_sync_word
0000b372   set_timeout
0000ada4   start_tx
0000c71c   strlen
0000a22a   system_check_set_unique_id
0000ac36   system_init
0000bc88   system_lowpower_mode
0000c666   system_watchdog_timer_reset
0000c608   system_watchdog_timer_stop
0000b26e   timer_add_event
0000b68e   timer_completed
0000c7ae   timer_get_counter_value
0000c43c   timer_init
0000afd0   timer_insert_value_in_queue
0000a718   trans_execute_query
0000c5a2   trans_init
0000c780   trans_rx_query_start
0000c7d2   trans_set_alp_rx_callback
0000c7d8   trans_set_tx_callback
0000ae1a   trans_tx_query
0000bd38   tx_callback
0000bd72   tx_data_isr
00001d50   tx_queue
0000c7de   uart_enable_interrupt
0000a3a6   uart_init
0000c61c   uart_transmit_data
0000c45a   uart_transmit_message
0000c788   uart_tx_ready
00001ebd   vCore_level
00001dce   virtual_id
0000b3c6   vsnprintf
0000a986   write_bytes_to_flash


GLOBAL SYMBOLS: SORTED BY Symbol Address 

address    name
--------   ----
00000001   __TI_args_main
00000001   __TI_exit
00000050   __STACK_SIZE
00000100   SFRIE1
00000100   SFRIE1_L
00000101   SFRIE1_H
00000102   SFRIFG1
00000102   SFRIFG1_L
00000103   SFRIFG1_H
00000104   SFRRPCR
00000104   SFRRPCR_L
00000105   SFRRPCR_H
00000120   PMMCTL0
00000120   PMMCTL0_L
00000121   PMMCTL0_H
00000122   PMMCTL1
00000122   PMMCTL1_L
00000123   PMMCTL1_H
00000124   SVSMHCTL
00000124   SVSMHCTL_L
00000125   SVSMHCTL_H
00000126   SVSMLCTL
00000126   SVSMLCTL_L
00000127   SVSMLCTL_H
00000128   SVSMIO
00000128   SVSMIO_L
00000129   SVSMIO_H
0000012c   PMMIFG
0000012c   PMMIFG_L
0000012d   PMMIFG_H
0000012e   PMMRIE
0000012e   PMMRIE_L
0000012f   PMMRIE_H
00000140   FCTL1
00000140   FCTL1_L
00000141   FCTL1_H
00000144   FCTL3
00000144   FCTL3_L
00000145   FCTL3_H
00000146   FCTL4
00000146   FCTL4_L
00000147   FCTL4_H
00000150   CRCDI
00000150   CRCDI_L
00000151   CRCDI_H
00000154   CRCINIRES
00000154   CRCINIRES_L
00000155   CRCINIRES_H
00000158   RCCTL0
00000158   RCCTL0_L
00000159   RCCTL0_H
0000015c   WDTCTL
0000015c   WDTCTL_L
0000015d   WDTCTL_H
00000160   UCSCTL0
00000160   UCSCTL0_L
00000161   UCSCTL0_H
00000162   UCSCTL1
00000162   UCSCTL1_L
00000163   UCSCTL1_H
00000164   UCSCTL2
00000164   UCSCTL2_L
00000165   UCSCTL2_H
00000166   UCSCTL3
00000166   UCSCTL3_L
00000167   UCSCTL3_H
00000168   UCSCTL4
00000168   UCSCTL4_L
00000169   UCSCTL4_H
0000016a   UCSCTL5
0000016a   UCSCTL5_L
0000016b   UCSCTL5_H
0000016c   UCSCTL6
0000016c   UCSCTL6_L
0000016d   UCSCTL6_H
0000016e   UCSCTL7
0000016e   UCSCTL7_L
0000016f   UCSCTL7_H
00000170   UCSCTL8
00000170   UCSCTL8_L
00000171   UCSCTL8_H
00000180   SYSCTL
00000180   SYSCTL_L
00000181   SYSCTL_H
00000182   SYSBSLC
00000182   SYSBSLC_L
00000183   SYSBSLC_H
00000186   SYSJMBC
00000186   SYSJMBC_L
00000187   SYSJMBC_H
00000188   SYSJMBI0
00000188   SYSJMBI0_L
00000189   SYSJMBI0_H
0000018a   SYSJMBI1
0000018a   SYSJMBI1_L
0000018b   SYSJMBI1_H
0000018c   SYSJMBO0
0000018c   SYSJMBO0_L
0000018d   SYSJMBO0_H
0000018e   SYSJMBO1
0000018e   SYSJMBO1_L
0000018f   SYSJMBO1_H
00000198   SYSBERRIV
00000198   SYSBERRIV_L
00000199   SYSBERRIV_H
0000019a   SYSUNIV
0000019a   SYSUNIV_L
0000019b   SYSUNIV_H
0000019c   SYSSNIV
0000019c   SYSSNIV_L
0000019d   SYSSNIV_H
0000019e   SYSRSTIV
0000019e   SYSRSTIV_L
0000019f   SYSRSTIV_H
000001b0   REFCTL0
000001b0   REFCTL0_L
000001b1   REFCTL0_H
000001c0   PMAPKEYID
000001c0   PMAPKEYID_L
000001c1   PMAPKEYID_H
000001c2   PMAPCTL
000001c2   PMAPCTL_L
000001c3   PMAPCTL_H
000001c8   P1MAP01
000001c8   P1MAP01_L
000001c9   P1MAP01_H
000001ca   P1MAP23
000001ca   P1MAP23_L
000001cb   P1MAP23_H
000001cc   P1MAP45
000001cc   P1MAP45_L
000001cd   P1MAP45_H
000001ce   P1MAP67
000001ce   P1MAP67_L
000001cf   P1MAP67_H
000001d0   P2MAP01
000001d0   P2MAP01_L
000001d1   P2MAP01_H
000001d2   P2MAP23
000001d2   P2MAP23_L
000001d3   P2MAP23_H
000001d4   P2MAP45
000001d4   P2MAP45_L
000001d5   P2MAP45_H
000001d6   P2MAP67
000001d6   P2MAP67_L
000001d7   P2MAP67_H
000001d8   P3MAP01
000001d8   P3MAP01_L
000001d9   P3MAP01_H
000001da   P3MAP23
000001da   P3MAP23_L
000001db   P3MAP23_H
000001dc   P3MAP45
000001dc   P3MAP45_L
000001dd   P3MAP45_H
000001de   P3MAP67
000001de   P3MAP67_L
000001df   P3MAP67_H
00000200   PAIN
00000200   PAIN_L
00000201   PAIN_H
00000202   PAOUT
00000202   PAOUT_L
00000203   PAOUT_H
00000204   PADIR
00000204   PADIR_L
00000205   PADIR_H
00000206   PAREN
00000206   PAREN_L
00000207   PAREN_H
00000208   PADS
00000208   PADS_L
00000209   PADS_H
0000020a   PASEL
0000020a   PASEL_L
0000020b   PASEL_H
0000020e   P1IV
00000218   PAIES
00000218   PAIES_L
00000219   PAIES_H
0000021a   PAIE
0000021a   PAIE_L
0000021b   PAIE_H
0000021c   PAIFG
0000021c   PAIFG_L
0000021d   PAIFG_H
0000021e   P2IV
00000220   PBIN
00000220   PBIN_L
00000221   PBIN_H
00000222   PBOUT
00000222   PBOUT_L
00000223   PBOUT_H
00000224   PBDIR
00000224   PBDIR_L
00000225   PBDIR_H
00000226   PBREN
00000226   PBREN_L
00000227   PBREN_H
00000228   PBDS
00000228   PBDS_L
00000229   PBDS_H
0000022a   PBSEL
0000022a   PBSEL_L
0000022b   PBSEL_H
00000240   PCIN
00000240   PCIN_L
00000241   PCIN_H
00000242   PCOUT
00000242   PCOUT_L
00000243   PCOUT_H
00000244   PCDIR
00000244   PCDIR_L
00000245   PCDIR_H
00000246   PCREN
00000246   PCREN_L
00000247   PCREN_H
00000248   PCDS
00000248   PCDS_L
00000249   PCDS_H
0000024a   PCSEL
0000024a   PCSEL_L
0000024b   PCSEL_H
00000320   PJIN
00000320   PJIN_L
00000321   PJIN_H
00000322   PJOUT
00000322   PJOUT_L
00000323   PJOUT_H
00000324   PJDIR
00000324   PJDIR_L
00000325   PJDIR_H
00000326   PJREN
00000326   PJREN_L
00000327   PJREN_H
00000328   PJDS
00000328   PJDS_L
00000329   PJDS_H
00000340   TA0CTL
00000342   TA0CCTL0
00000344   TA0CCTL1
00000346   TA0CCTL2
00000348   TA0CCTL3
0000034a   TA0CCTL4
00000350   TA0R
00000352   TA0CCR0
00000354   TA0CCR1
00000356   TA0CCR2
00000358   TA0CCR3
0000035a   TA0CCR4
00000360   TA0EX0
0000036e   TA0IV
00000380   TA1CTL
00000382   TA1CCTL0
00000384   TA1CCTL1
00000386   TA1CCTL2
00000390   TA1R
00000392   TA1CCR0
00000394   TA1CCR1
00000396   TA1CCR2
000003a0   TA1EX0
000003ae   TA1IV
000004a0   RTCCTL01
000004a0   RTCCTL01_L
000004a1   RTCCTL01_H
000004a2   RTCCTL23
000004a2   RTCCTL23_L
000004a3   RTCCTL23_H
000004a8   RTCPS0CTL
000004a8   RTCPS0CTL_L
000004a9   RTCPS0CTL_H
000004aa   RTCPS1CTL
000004aa   RTCPS1CTL_L
000004ab   RTCPS1CTL_H
000004ac   RTCPS
000004ac   RTCPS_L
000004ad   RTCPS_H
000004ae   RTCIV
000004b0   RTCTIM0
000004b0   RTCTIM0_L
000004b1   RTCTIM0_H
000004b2   RTCTIM1
000004b2   RTCTIM1_L
000004b3   RTCTIM1_H
000004b4   RTCDATE
000004b4   RTCDATE_L
000004b5   RTCDATE_H
000004b6   RTCYEAR
000004b6   RTCYEAR_L
000004b7   RTCYEAR_H
000004b8   RTCAMINHR
000004b8   RTCAMINHR_L
000004b9   RTCAMINHR_H
000004ba   RTCADOWDAY
000004ba   RTCADOWDAY_L
000004bb   RTCADOWDAY_H
000004c0   MPY
000004c0   MPY_L
000004c1   MPY_H
000004c2   MPYS
000004c2   MPYS_L
000004c3   MPYS_H
000004c4   MAC
000004c4   MAC_L
000004c5   MAC_H
000004c6   MACS
000004c6   MACS_L
000004c7   MACS_H
000004c8   OP2
000004c8   OP2_L
000004c9   OP2_H
000004ca   RESLO
000004ca   RESLO_L
000004cb   RESLO_H
000004cc   RESHI
000004cc   RESHI_L
000004cd   RESHI_H
000004ce   SUMEXT
000004ce   SUMEXT_L
000004cf   SUMEXT_H
000004d0   MPY32L
000004d0   MPY32L_L
000004d1   MPY32L_H
000004d2   MPY32H
000004d2   MPY32H_L
000004d3   MPY32H_H
000004d4   MPYS32L
000004d4   MPYS32L_L
000004d5   MPYS32L_H
000004d6   MPYS32H
000004d6   MPYS32H_L
000004d7   MPYS32H_H
000004d8   MAC32L
000004d8   MAC32L_L
000004d9   MAC32L_H
000004da   MAC32H
000004da   MAC32H_L
000004db   MAC32H_H
000004dc   MACS32L
000004dc   MACS32L_L
000004dd   MACS32L_H
000004de   MACS32H
000004de   MACS32H_L
000004df   MACS32H_H
000004e0   OP2L
000004e0   OP2L_L
000004e1   OP2L_H
000004e2   OP2H
000004e2   OP2H_L
000004e3   OP2H_H
000004e4   RES0
000004e4   RES0_L
000004e5   RES0_H
000004e6   RES1
000004e6   RES1_L
000004e7   RES1_H
000004e8   RES2
000004e8   RES2_L
000004e9   RES2_H
000004ea   RES3
000004ea   RES3_L
000004eb   RES3_H
000004ec   MPY32CTL0
000004ec   MPY32CTL0_L
000004ed   MPY32CTL0_H
00000500   DMACTL0
00000500   DMACTL0_L
00000501   DMACTL0_H
00000502   DMACTL1
00000502   DMACTL1_L
00000503   DMACTL1_H
00000504   DMACTL2
00000504   DMACTL2_L
00000505   DMACTL2_H
00000506   DMACTL3
00000506   DMACTL3_L
00000507   DMACTL3_H
00000508   DMACTL4
00000508   DMACTL4_L
00000509   DMACTL4_H
0000050e   DMAIV
0000050e   DMAIV_L
0000050f   DMAIV_H
00000510   DMA0CTL
00000510   DMA0CTL_L
00000511   DMA0CTL_H
00000512   DMA0SA
00000512   DMA0SAL
00000516   DMA0DA
00000516   DMA0DAL
0000051a   DMA0SZ
00000520   DMA1CTL
00000520   DMA1CTL_L
00000521   DMA1CTL_H
00000522   DMA1SA
00000522   DMA1SAL
00000526   DMA1DA
00000526   DMA1DAL
0000052a   DMA1SZ
00000530   DMA2CTL
00000530   DMA2CTL_L
00000531   DMA2CTL_H
00000532   DMA2SA
00000532   DMA2SAL
00000536   DMA2DA
00000536   DMA2DAL
0000053a   DMA2SZ
000005c0   UCA0CTLW0
000005c0   UCA0CTLW0_L
000005c1   UCA0CTLW0_H
000005c6   UCA0BRW
000005c6   UCA0BRW_L
000005c7   UCA0BRW_H
000005c8   UCA0MCTL
000005ca   UCA0STAT
000005cc   UCA0RXBUF
000005ce   UCA0TXBUF
000005d0   UCA0ABCTL
000005d2   UCA0IRCTL
000005d2   UCA0IRCTL_L
000005d3   UCA0IRCTL_H
000005dc   UCA0ICTL
000005dc   UCA0ICTL_L
000005dd   UCA0ICTL_H
000005de   UCA0IV
000005e0   UCB0CTLW0
000005e0   UCB0CTLW0_L
000005e1   UCB0CTLW0_H
000005e6   UCB0BRW
000005e6   UCB0BRW_L
000005e7   UCB0BRW_H
000005ea   UCB0STAT
000005ec   UCB0RXBUF
000005ee   UCB0TXBUF
000005f0   UCB0I2COA
000005f0   UCB0I2COA_L
000005f1   UCB0I2COA_H
000005f2   UCB0I2CSA
000005f2   UCB0I2CSA_L
000005f3   UCB0I2CSA_H
000005fc   UCB0ICTL
000005fc   UCB0ICTL_L
000005fd   UCB0ICTL_H
000005fe   UCB0IV
00000700   ADC12CTL0
00000700   ADC12CTL0_L
00000701   ADC12CTL0_H
00000702   ADC12CTL1
00000702   ADC12CTL1_L
00000703   ADC12CTL1_H
00000704   ADC12CTL2
00000704   ADC12CTL2_L
00000705   ADC12CTL2_H
0000070a   ADC12IFG
0000070a   ADC12IFG_L
0000070b   ADC12IFG_H
0000070c   ADC12IE
0000070c   ADC12IE_L
0000070d   ADC12IE_H
0000070e   ADC12IV
0000070e   ADC12IV_L
0000070f   ADC12IV_H
00000710   ADC12MCTL0
00000711   ADC12MCTL1
00000712   ADC12MCTL2
00000713   ADC12MCTL3
00000714   ADC12MCTL4
00000715   ADC12MCTL5
00000716   ADC12MCTL6
00000717   ADC12MCTL7
00000718   ADC12MCTL8
00000719   ADC12MCTL9
0000071a   ADC12MCTL10
0000071b   ADC12MCTL11
0000071c   ADC12MCTL12
0000071d   ADC12MCTL13
0000071e   ADC12MCTL14
0000071f   ADC12MCTL15
00000720   ADC12MEM0
00000720   ADC12MEM0_L
00000721   ADC12MEM0_H
00000722   ADC12MEM1
00000722   ADC12MEM1_L
00000723   ADC12MEM1_H
00000724   ADC12MEM2
00000724   ADC12MEM2_L
00000725   ADC12MEM2_H
00000726   ADC12MEM3
00000726   ADC12MEM3_L
00000727   ADC12MEM3_H
00000728   ADC12MEM4
00000728   ADC12MEM4_L
00000729   ADC12MEM4_H
0000072a   ADC12MEM5
0000072a   ADC12MEM5_L
0000072b   ADC12MEM5_H
0000072c   ADC12MEM6
0000072c   ADC12MEM6_L
0000072d   ADC12MEM6_H
0000072e   ADC12MEM7
0000072e   ADC12MEM7_L
0000072f   ADC12MEM7_H
00000730   ADC12MEM8
00000730   ADC12MEM8_L
00000731   ADC12MEM8_H
00000732   ADC12MEM9
00000732   ADC12MEM9_L
00000733   ADC12MEM9_H
00000734   ADC12MEM10
00000734   ADC12MEM10_L
00000735   ADC12MEM10_H
00000736   ADC12MEM11
00000736   ADC12MEM11_L
00000737   ADC12MEM11_H
00000738   ADC12MEM12
00000738   ADC12MEM12_L
00000739   ADC12MEM12_H
0000073a   ADC12MEM13
0000073a   ADC12MEM13_L
0000073b   ADC12MEM13_H
0000073c   ADC12MEM14
0000073c   ADC12MEM14_L
0000073d   ADC12MEM14_H
0000073e   ADC12MEM15
0000073e   ADC12MEM15_L
0000073f   ADC12MEM15_H
000008c0   CBCTL0
000008c0   CBCTL0_L
000008c1   CBCTL0_H
000008c2   CBCTL1
000008c2   CBCTL1_L
000008c3   CBCTL1_H
000008c4   CBCTL2
000008c4   CBCTL2_L
000008c5   CBCTL2_H
000008c6   CBCTL3
000008c6   CBCTL3_L
000008c7   CBCTL3_H
000008cc   CBINT
000008cc   CBINT_L
000008cd   CBINT_H
000008ce   CBIV
000009c0   AESACTL0
000009c0   AESACTL0_L
000009c1   AESACTL0_H
000009c4   AESASTAT
000009c4   AESASTAT_L
000009c5   AESASTAT_H
000009c6   AESAKEY
000009c6   AESAKEY_L
000009c7   AESAKEY_H
000009c8   AESADIN
000009c8   AESADIN_L
000009c9   AESADIN_H
000009ca   AESADOUT
000009ca   AESADOUT_L
000009cb   AESADOUT_H
00000f00   RF1AIFCTL0
00000f00   RF1AIFCTL0_L
00000f01   RF1AIFCTL0_H
00000f02   RF1AIFCTL1
00000f02   RF1AIFCTL1_L
00000f03   RF1AIFCTL1_H
00000f04   RF1AIFCTL2
00000f04   RF1AIFCTL2_L
00000f05   RF1AIFCTL2_H
00000f06   RF1AIFERR
00000f06   RF1AIFERR_L
00000f07   RF1AIFERR_H
00000f0c   RF1AIFERRV
00000f0c   RF1AIFERRV_L
00000f0d   RF1AIFERRV_H
00000f0e   RF1AIFIV
00000f0e   RF1AIFIV_L
00000f0f   RF1AIFIV_H
00000f10   RF1AINSTRW
00000f10   RF1AINSTRW_L
00000f11   RF1AINSTRW_H
00000f12   RF1AINSTR1W
00000f12   RF1AINSTR1W_L
00000f13   RF1AINSTR1W_H
00000f14   RF1AINSTR2W
00000f14   RF1AINSTR2W_L
00000f15   RF1AINSTR2W_H
00000f16   RF1ADINW
00000f16   RF1ADINW_L
00000f17   RF1ADINW_H
00000f20   RF1ASTAT0W
00000f20   RF1ASTAT0W_L
00000f21   RF1ASTAT0W_H
00000f22   RF1ASTAT1W
00000f22   RF1ASTAT1W_L
00000f23   RF1ASTAT1W_H
00000f24   RF1ASTAT2W
00000f24   RF1ASTAT2W_L
00000f25   RF1ASTAT2W_H
00000f28   RF1ADOUT0W
00000f28   RF1ADOUT0W_L
00000f29   RF1ADOUT0W_H
00000f2a   RF1ADOUT1W
00000f2a   RF1ADOUT1W_L
00000f2b   RF1ADOUT1W_H
00000f2c   RF1ADOUT2W
00000f2c   RF1ADOUT2W_L
00000f2d   RF1ADOUT2W_H
00000f30   RF1AIN
00000f30   RF1AIN_L
00000f31   RF1AIN_H
00000f32   RF1AIFG
00000f32   RF1AIFG_L
00000f33   RF1AIFG_H
00000f34   RF1AIES
00000f34   RF1AIES_L
00000f35   RF1AIES_H
00000f36   RF1AIE
00000f36   RF1AIE_L
00000f37   RF1AIE_H
00000f38   RF1AIV
00000f38   RF1AIV_L
00000f39   RF1AIV_H
00000f3c   RF1ARXFIFO
00000f3c   RF1ARXFIFO_L
00000f3d   RF1ARXFIFO_H
00000f3e   RF1ATXFIFO
00000f3e   RF1ATXFIFO_L
00000f3f   RF1ATXFIFO_H
00001c00   buffer
00001d44   rx_queue
00001d50   tx_queue
00001d5c   frame
00001d88   res
00001d92   clock_speed
00001dbe   current_phy_cfg
00001dc0   destination_subnet
00001dc2   device_id
00001dc4   device_subnet
00001dc6   dll_state
00001dce   virtual_id
00001dd6   interrupt_table
00001e5e   rfSettings
00001e90   scan_minimum_energy
00001e92   frame_tx_cfg
00001e96   phy_tx_callback
00001e9a   phy_rx_callback
00001e9e   UCS_XT1ClockFrequency
00001ea2   UCS_XT2ClockFrequency
00001eae   _lock
00001eb2   _unlock
00001ebd   vCore_level
00001ebe   init_IO
00002bac   _stack
00002bfc   __STACK_END
00008000   filesystem_info_headers
00008040   filesystem_info_bitmap
00008100   filesystem_files
00008200   __TI_frcdivd
00008652   __TI_frcmpyd
00008936   __mspabi_addd
00008c0c   __mspabi_mpyd
00008e8c   __TI_frcaddd
000090de   __mspabi_divd
000094b8   alp_create_structure_for_tx
00009736   privateUCSSourceClockFromDCO
00009922   privateUCSComputeCLKFrequency
00009a10   UCS_initFLL
00009d80   nwl_build_network_protocol_data
00009e52   dll_create_frame
00009f1c   phy_rx
0000a0a8   set_channel
0000a16a   __TI_printfi_minimal
0000a22a   system_check_set_unique_id
0000a2ea   rx_data_isr
0000a3a6   uart_init
0000a45a   __TI_renormd
0000a50c   dll_rigd_ccp
0000a5be   rx_callback
0000a66e   fs_write_data
0000a718   trans_execute_query
0000a7be   fs_open
0000a85c   UCS_clockSignalInit
0000a8f2   main
0000a986   write_bytes_to_flash
0000aa14   phy_translate_and_set_settings
0000aaa0   phy_translate_settings
0000ab2a   dll_channel_scan_series
0000abb2   _auto_init_hold_wdt
0000ac36   system_init
0000acb6   Strobe
0000ad2e   __mspabi_fltuld
0000ada4   start_tx
0000ae1a   trans_tx_query
0000aef8   set_eirp
0000af64   set_preamble_size
0000afd0   timer_insert_value_in_queue
0000b03a   __mspabi_fixdul
0000b0a2   clock_init
0000b104   dll_init
0000b162   queue_insert_value
0000b1be   queue_push_u8_array
0000b216   __mspabi_divul
0000b216   __mspabi_remul
0000b26e   timer_add_event
0000b2c6   phy_tx
0000b31c   queue_push_value
0000b372   set_timeout
0000b3c6   vsnprintf
0000b41a   SetVCoreUp
0000b46c   WriteBurstRegFromQueue
0000b510   PMM_SetStdSVSM
0000b560   ReadBurstReg
0000b5f8   dll_csma
0000b644   TLV_getInfo
0000b68e   timer_completed
0000b6d8   WriteBurstPATable
0000b71e   log_print_stack_string
0000b764   phy_tx_data
0000b7a8   queue_push_u8
0000b7ec   WriteBurstReg
0000b82c   __memcpy_far
0000b8ac   led_init
0000b8ec   __mspabi_divli
0000b8ec   __mspabi_remli
0000b92c   __TI_zero_init
0000b9a8   end_of_packet_isr
0000b9e6   __mspabi_sral_15
0000b9ea   __mspabi_sral_14
0000b9ee   __mspabi_sral_13
0000b9f2   __mspabi_sral_12
0000b9f6   __mspabi_sral_11
0000b9fa   __mspabi_sral_10
0000b9fe   __mspabi_sral_9
0000ba02   __mspabi_sral_8
0000ba06   __mspabi_sral_7
0000ba0a   __mspabi_sral_6
0000ba0e   __mspabi_sral_5
0000ba12   __mspabi_sral_4
0000ba16   __mspabi_sral_3
0000ba1a   __mspabi_sral_2
0000ba1e   __mspabi_sral_1
0000ba24   __mspabi_slll_15
0000ba28   __mspabi_slll_14
0000ba2c   __mspabi_slll_13
0000ba30   __mspabi_slll_12
0000ba34   __mspabi_slll_11
0000ba38   __mspabi_slll_10
0000ba3c   __mspabi_slll_9
0000ba40   __mspabi_slll_8
0000ba44   __mspabi_slll_7
0000ba48   __mspabi_slll_6
0000ba4c   __mspabi_slll_5
0000ba50   __mspabi_slll_4
0000ba54   __mspabi_slll_3
0000ba58   __mspabi_slll_2
0000ba5c   __mspabi_slll_1
0000ba62   __mspabi_srll_15
0000ba66   __mspabi_srll_14
0000ba6a   __mspabi_srll_13
0000ba6e   __mspabi_srll_12
0000ba72   __mspabi_srll_11
0000ba76   __mspabi_srll_10
0000ba7a   __mspabi_srll_9
0000ba7e   __mspabi_srll_8
0000ba82   __mspabi_srll_7
0000ba86   __mspabi_srll_6
0000ba8a   __mspabi_srll_5
0000ba8e   __mspabi_srll_4
0000ba92   __mspabi_srll_3
0000ba96   __mspabi_srll_2
0000ba9a   __mspabi_srll_1
0000baa0   led_off
0000bade   led_on
0000bb1c   led_toggle
0000bb98   __TI_decompress_none
0000bbd4   log_print_string
0000bc10   queue_create_header_space
0000bc88   system_lowpower_mode
0000bd38   tx_callback
0000bd72   tx_data_isr
0000bdac   fs_get_data_pointer
0000bde4   rand
0000be1c   ReadSingleReg
0000be52   UCS_initFLLSettle
0000be88   phy_get_rssi
0000bebe   log_dll_rx_res
0000bef2   rxtx_finish_isr
0000bf58   fs_read_byte
0000bf8a   nwl_rx_start
0000bfbc   crc_ccitt_update
0000bfec   dll_aind_ccp
0000c01c   __mspabi_subd
0000c078   CC1101_ISR
0000c0a6   queue_pop_value
0000c0d4   GPIO_setAsOutputPin
0000c100   queue_read_value
0000c12c   __mspabi_divi
0000c12c   __mspabi_remi
0000c158   PMM_SetVCore
0000c180   WriteSingleReg
0000c1a6   log_print_data
0000c1cc   SetVCoreDown
0000c1f0   crc_calculate
0000c214   dll_initiate_csma_ca
0000c238   phy_init_tx
0000c25c   memcmp
0000c27e   phy_init
0000c2a0   queue_init_with_header
0000c2c2   __mspabi_mpyl_f5hw
0000c2e4   GPIO_setOutputHighOnPin
0000c304   GPIO_setOutputLowOnPin
0000c324   GPIO_toggleOutputOnPin
0000c344   USCI_A0_ISR
0000c364   set_length_infinite
0000c384   set_sync_word
0000c3e2   dll_tx_frame
0000c400   load_instruction
0000c41e   queue_init
0000c43c   timer_init
0000c45a   uart_transmit_message
0000c494   memccpy
0000c4b0   phy_set_tx
0000c4cc   UCS_getSMCLK
0000c500   _c_int00
0000c500   _c_int00_noexit
0000c51a   get_radiostate
0000c54a   nwl_init
0000c560   phy_cca
0000c576   __mspabi_divu
0000c576   __mspabi_remu
0000c58c   __mspabi_mpyi_f5hw
0000c5a2   trans_init
0000c5b8   fs_close
0000c5cc   memset
0000c5e0   rx_fifo_overflow_isr
0000c5f4   rx_timeout_isr
0000c608   system_watchdog_timer_stop
0000c61c   uart_transmit_data
0000c630   ResetRadioCore
0000c642   __mspabi_fixdu
0000c654   memcpy
0000c666   system_watchdog_timer_reset
0000c678   Timer_A_CCO
0000c698   __mspabi_sral
0000c6a8   __mspabi_slll
0000c6b8   __mspabi_srll
0000c6c8   WriteRfSettings
0000c6d6   d7aoss_init
0000c6e4   __TI_decompress_rle24
0000c6f2   hal_timer_init
0000c700   queue_clear
0000c70e   send_instr
0000c71c   strlen
0000c72a   calculate_rssi
0000c736   phy_idle
0000c742   _system_pre_init
0000c74c   __mspabi_slli
0000c768   hal_timer_disable_interrupt
0000c770   hal_timer_enable_interrupt
0000c780   trans_rx_query_start
0000c788   uart_tx_ready
0000c790   __TI_ISR_TRAP
0000c796   __mspabi_fltud
0000c79c   dll_set_initial_t_ca
0000c7a2   dll_set_rx_callback
0000c7a8   dll_set_tx_callback
0000c7ae   hal_timer_getvalue
0000c7ae   timer_get_counter_value
0000c7b4   hal_timer_setvalue
0000c7ba   nwl_set_rx_callback
0000c7c0   nwl_set_tx_callback
0000c7c6   phy_set_rx_callback
0000c7cc   phy_set_tx_callback
0000c7d2   trans_set_alp_rx_callback
0000c7d8   trans_set_tx_callback
0000c7de   uart_enable_interrupt
0000c7e4   C$$EXIT
0000c7e4   abort
0000c7e8   _nop
0000c7ea   fs_init
0000c7ec   no_interrupt_isr
0000cac5   filesystem_info_nr_files
0000cba4   __TI_Handler_Table_Base
0000cbb0   __TI_Handler_Table_Limit
0000cbb6   __TI_CINIT_Base
0000cbc6   __TI_CINIT_Limit
0000ffda   __TI_int45
0000ffdc   __TI_int46
0000ffe0   __TI_int48
0000ffe2   __TI_int49
0000ffe4   __TI_int50
0000ffe6   __TI_int51
0000ffe8   __TI_int52
0000ffea   __TI_int53
0000ffec   __TI_int54
0000ffee   __TI_int55
0000fff0   __TI_int56
0000fff2   __TI_int57
0000fff4   __TI_int58
0000fff6   __TI_int59
0000fff8   __TI_int60
0000fffa   __TI_int61
0000fffc   __TI_int62
0000fffe   _reset_vector
ffffffff   __binit__
ffffffff   __c_args__
ffffffff   binit
UNDEFED    __TI_INITARRAY_Base
UNDEFED    __TI_INITARRAY_Limit

[908 symbols]
